<html>
<body>
<pre>
<h1>礦ision Build Log</h1>
<h2>Tool Versions:</h2>
IDE-Version: μVision V5.17.0.0
Copyright (C) 2015 ARM Ltd and ARM Germany GmbH. All rights reserved.
License Information: chong cao, MYZY, LIC=X1E74-FMDJ2-C2LL6-DSTI1-X1RVY-FKPVS
 
Tool Versions:
Toolchain:       MDK-ARM Professional  Version: 5.17
Toolchain Path:  C:\Keil_v5\ARM\ARMCC\Bin
C Compiler:      Armcc.exe V5.06 update 1 (build 61)
Assembler:       Armasm.exe V5.06 update 1 (build 61)
Linker/Locator:  ArmLink.exe V5.06 update 1 (build 61)
Library Manager: ArmAr.exe V5.06 update 1 (build 61)
Hex Converter:   FromElf.exe V5.06 update 1 (build 61)
CPU DLL:         SARMCM3.DLL V5.17
Dialog DLL:      DARMSTM.DLL V1.65.0.0
Target DLL:      STLink\ST-LINKIII-KEIL_SWO.dll V2.0.18.0
Dialog DLL:      TARMSTM.DLL V1.64.0.0
 
<h2>Project:</h2>
C:\Users\caochong\Desktop\烟气\flue gas analysis\2022 7 18 檢測室溫度55\USER\Template.uvprojx
Project File Date:  05/17/2022

<h2>Output:</h2>
*** Using Compiler 'V5.06 update 1 (build 61)', folder: 'C:\Keil_v5\ARM\ARMCC\Bin'
Build target 'Target 1'
compiling main.c...
..\HARDWARE\COM_PRESS\com_press.h(15): warning:  #161-D: unrecognized #pragma
  #pragma apop
..\HARDWARE\COM_PRESS\com_press.h(26): warning:  #161-D: unrecognized #pragma
  #pragma apop
..\HARDWARE\LYNDIR_NO\lyndir_no.h(41): warning:  #161-D: unrecognized #pragma
  #pragma apop
..\HARDWARE\ADC\adc.h(20): warning:  #161-D: unrecognized #pragma
  #pragma apop
..\HARDWARE\ADC\adc.h(28): warning:  #1-D: last line of file ends without a newline
  #endif
..\HARDWARE\ADC\ntc.h(28): warning:  #161-D: unrecognized #pragma
  #pragma apop
..\HARDWARE\IIC\MPL115A2.H(38): warning:  #161-D: unrecognized #pragma
  #pragma apop
..\HARDWARE\IIC\MPL115A2.H(51): warning:  #1-D: last line of file ends without a newline
  #endif
..\HARDWARE\IIC\sm5852.h(18): warning:  #161-D: unrecognized #pragma
  #pragma apop
..\HARDWARE\IICSSC\iicssc.h(21): warning:  #161-D: unrecognized #pragma
  #pragma apop
..\HARDWARE\PID\PID_Ctrl.h(10): warning:  #1-D: last line of file ends without a newline
  #endif
..\HARDWARE\PWM\pwm.h(8): warning:  #1-D: last line of file ends without a newline
  #endif
main.c(344): warning:  #177-D: variable "a" was declared but never referenced
        int a;
main.c(361): warning:  #177-D: variable "reclen" was declared but never referenced
        u8 reclen=0; 
main.c: 14 warnings, 0 errors
linking...
Program Size: Code=56380 RO-data=1788 RW-data=652 ZI-data=17092  
FromELF: creating hex file...
"..\OBJ\MALLOC.axf" - 0 Error(s), 14 Warning(s).

<h2>Collection of Component include folders:</h2>
  C:\Users\caochong\Desktop\烟气\flue gas analysis\2022 7 18 檢測室溫度55\USER\RTE
  C:\Keil_v5\ARM\PACK\Keil\STM32F1xx_DFP\2.1.0\Device\Include

<h2>Collection of Component Files used:</h2>
Build Time Elapsed:  00:00:02
</pre>
</body>
</html>
