Component: ARM Compiler 5.06 update 1 (build 61) Tool: armlink [4d35a8]

==============================================================================

Section Cross References

    main.o(.text) refers to pid_ctrl.o(.text) for PID_Calc
    main.o(.text) refers to ffixi.o(.text) for __aeabi_f2iz
    main.o(.text) refers to ntc.o(.text) for Tem_Control_Tuning
    main.o(.text) refers to os_time.o(.text) for OSTimeDlyHMSM
    main.o(.text) refers to mb.o(.text) for eMBPoll
    main.o(.text) refers to command.o(.text) for checkout
    main.o(.text) refers to adc.o(.text) for Data_ConvertedValue
    main.o(.text) refers to memcpya.o(.text) for __aeabi_memcpy
    main.o(.text) refers to mpl115a2.o(.text) for ReadALL_Parameter
    main.o(.text) refers to delay.o(.text) for delay_ms
    main.o(.text) refers to sm5852.o(.text) for SM5852_Air_Pressure_Resurt
    main.o(.text) refers to os_mutex.o(.text) for OSMutexPend
    main.o(.text) refers to lyndir_no.o(.text) for Read_NOStatus_Value
    main.o(.text) refers to cpu_core.o(.text) for CPU_Init
    main.o(.text) refers to os_stat.o(.text) for OSStatTaskCPUUsageInit
    main.o(.text) refers to os_core.o(.text) for OSSchedRoundRobinCfg
    main.o(.text) refers to cpu_a.o(.text) for CPU_SR_Save
    main.o(.text) refers to os_q.o(.text) for OSQCreate
    main.o(.text) refers to os_task.o(.text) for OSTaskCreate
    main.o(.text) refers to misc.o(.text) for NVIC_PriorityGroupConfig
    main.o(.text) refers to usart.o(.text) for USART1_Config
    main.o(.text) refers to usart4.o(.text) for RS485_Initt
    main.o(.text) refers to com_press.o(.text) for Data_Update
    main.o(.text) refers to iic.o(.text) for I2C_IInit
    main.o(.text) refers to led.o(.text) for Base_GPIO_Init
    main.o(.text) refers to pwm.o(.text) for TIM3_PWM_Init
    main.o(.text) refers to pid_ctrl.o(.data) for PID_Flag
    main.o(.text) refers to pid_ctrl.o(.data) for PID_Start
    main.o(.text) refers to lyndir_no.o(.data) for Lyndir_No
    main.o(.text) refers to ntc.o(.data) for PID_Tem_startup
    main.o(.text) refers to ntc.o(.bss) for NTC
    main.o(.text) refers to main.o(.bss) for .bss
    main.o(.text) refers to os_var.o(.data) for OSSchedLockNestingCtr
    main.o(.text) refers to os_var.o(.data) for OSIntQNbrEntries
    main.o(.text) refers to main.o(.data) for .data
    main.o(.text) refers to mbutils.o(.text) for xMBUtilGetBits
    system_stm32f10x.o(.text) refers to system_stm32f10x.o(.data) for .data
    led.o(.text) refers to stm32f10x_rcc.o(.text) for RCC_APB2PeriphClockCmd
    led.o(.text) refers to stm32f10x_gpio.o(.text) for GPIO_PinRemapConfig
    command.o(.text) refers to _scanf_int.o(.text) for _scanf_int
    command.o(.text) refers to ctype_o.o(.text) for __rt_ctype_table
    command.o(.text) refers to __0sscanf.o(.text) for __0sscanf
    command.o(.text) refers to memseta.o(.text) for __aeabi_memclr4
    command.o(.text) refers to strcmp.o(.text) for strcmp
    command.o(.text) refers to strncmp.o(.text) for strncmp
    command.o(.text) refers to printfa.o(i.__0printf) for __2printf
    command.o(.text) refers to lyndir_no.o(.text) for Read_Concentration_Value
    command.o(.text) refers to iicssc.o(.text) for Change_DeviceID
    command.o(.text) refers to fflti.o(.text) for __aeabi_i2f
    command.o(.text) refers to f2d.o(.text) for __aeabi_f2d
    command.o(.text) refers to usart.o(.bss) for USARTStructure1
    command.o(.text) refers to lyndir_no.o(.data) for Lyndir_No
    key.o(.text) refers to stm32f10x_rcc.o(.text) for RCC_APB2PeriphClockCmd
    key.o(.text) refers to stm32f10x_gpio.o(.text) for GPIO_Init
    key.o(.text) refers to delay.o(.text) for delay_ms
    key.o(.text) refers to key.o(.data) for .data
    timer.o(.text) refers to stm32f10x_rcc.o(.text) for RCC_APB1PeriphClockCmd
    timer.o(.text) refers to stm32f10x_tim.o(.text) for TIM_TimeBaseInit
    timer.o(.text) refers to misc.o(.text) for NVIC_Init
    com_press.o(.text) refers to main.o(.bss) for usRegHoldingBuf
    com_press.o(.text) refers to lyndir_no.o(.data) for Lyndir_No
    com_press.o(.text) refers to adc.o(.bss) for ADC_BUFF
    com_press.o(.text) refers to adc.o(.data) for ADC
    com_press.o(.text) refers to com_press.o(.data) for .data
    usart4.o(.text) refers to stm32f10x_rcc.o(.text) for RCC_APB2PeriphClockCmd
    usart4.o(.text) refers to stm32f10x_gpio.o(.text) for GPIO_Init
    usart4.o(.text) refers to stm32f10x_usart.o(.text) for USART_DeInit
    usart4.o(.text) refers to misc.o(.text) for NVIC_Init
    usart4.o(.text) refers to delay.o(.text) for delay_us
    usart4.o(.text) refers to usart4.o(.bss) for .bss
    lyndir_no.o(.text) refers to usart4.o(.text) for RS485_Send_Data
    lyndir_no.o(.text) refers to delay.o(.text) for delay_ms
    lyndir_no.o(.text) refers to mbcrc.o(.text) for usMBCRC16
    lyndir_no.o(.text) refers to printfa.o(i.__0printf) for __2printf
    lyndir_no.o(.text) refers to f2d.o(.text) for __aeabi_f2d
[...]
    CPU_TS_TmrRd                             0x08004963   Thumb Code     6  bsp.o(.text)
    CPU_TS32_to_uSec                         0x08004969   Thumb Code    32  bsp.o(.text)
    CPU_NameClr                              0x08004995   Thumb Code    26  cpu_core.o(.text)
    CPU_Init                                 0x080049af   Thumb Code    18  cpu_core.o(.text)
    CPU_SW_Exception                         0x080049c1   Thumb Code     2  cpu_core.o(.text)
    CPU_NameGet                              0x080049c3   Thumb Code    46  cpu_core.o(.text)
    CPU_NameSet                              0x080049f1   Thumb Code    62  cpu_core.o(.text)
    CPU_TS_Get32                             0x08004a2f   Thumb Code     4  cpu_core.o(.text)
    CPU_TS_Update                            0x08004a33   Thumb Code     2  cpu_core.o(.text)
    CPU_TS_TmrFreqGet                        0x08004a35   Thumb Code    24  cpu_core.o(.text)
    CPU_TS_TmrFreqSet                        0x08004a4d   Thumb Code     6  cpu_core.o(.text)
    CPU_CntLeadZeros08                       0x08004a53   Thumb Code    10  cpu_core.o(.text)
    CPU_CntLeadZeros16                       0x08004a5d   Thumb Code    10  cpu_core.o(.text)
    CPU_CntLeadZeros32                       0x08004a67   Thumb Code     4  cpu_core.o(.text)
    CPU_CntLeadZeros64                       0x08004a6b   Thumb Code   152  cpu_core.o(.text)
    CPU_CntTrailZeros08                      0x08004b03   Thumb Code    10  cpu_core.o(.text)
    CPU_CntTrailZeros16                      0x08004b0d   Thumb Code    10  cpu_core.o(.text)
    CPU_CntTrailZeros32                      0x08004b17   Thumb Code    10  cpu_core.o(.text)
    CPU_CntTrailZeros64                      0x08004b21   Thumb Code    36  cpu_core.o(.text)
    CPU_IntDis                               0x08004b51   Thumb Code     0  cpu_a.o(.text)
    CPU_IntEn                                0x08004b55   Thumb Code     0  cpu_a.o(.text)
    CPU_SR_Save                              0x08004b59   Thumb Code     0  cpu_a.o(.text)
    CPU_SR_Restore                           0x08004b61   Thumb Code     0  cpu_a.o(.text)
    CPU_WaitForInt                           0x08004b67   Thumb Code     0  cpu_a.o(.text)
    CPU_WaitForExcept                        0x08004b6b   Thumb Code     0  cpu_a.o(.text)
    CPU_CntLeadZeros                         0x08004b6f   Thumb Code     0  cpu_a.o(.text)
    CPU_CntTrailZeros                        0x08004b75   Thumb Code     0  cpu_a.o(.text)
    CPU_RevBits                              0x08004b7f   Thumb Code     0  cpu_a.o(.text)
    ASCII_IsAlpha                            0x08004b85   Thumb Code    22  lib_ascii.o(.text)
    ASCII_IsAlphaNum                         0x08004b9b   Thumb Code    28  lib_ascii.o(.text)
    ASCII_IsLower                            0x08004bb7   Thumb Code    14  lib_ascii.o(.text)
    ASCII_IsUpper                            0x08004bc5   Thumb Code    14  lib_ascii.o(.text)
    ASCII_IsDig                              0x08004bd3   Thumb Code    14  lib_ascii.o(.text)
    ASCII_IsDigOct                           0x08004be1   Thumb Code    14  lib_ascii.o(.text)
    ASCII_IsDigHex                           0x08004bef   Thumb Code    28  lib_ascii.o(.text)
    ASCII_IsBlank                            0x08004c0b   Thumb Code    16  lib_ascii.o(.text)
    ASCII_IsSpace                            0x08004c1b   Thumb Code    32  lib_ascii.o(.text)
    ASCII_IsPrint                            0x08004c3b   Thumb Code    14  lib_ascii.o(.text)
    ASCII_IsGraph                            0x08004c49   Thumb Code    14  lib_ascii.o(.text)
    ASCII_IsPunct                            0x08004c57   Thumb Code    58  lib_ascii.o(.text)
    ASCII_IsCtrl                             0x08004c91   Thumb Code    22  lib_ascii.o(.text)
    ASCII_ToLower                            0x08004ca7   Thumb Code    14  lib_ascii.o(.text)
    ASCII_ToUpper                            0x08004cb5   Thumb Code    14  lib_ascii.o(.text)
    ASCII_Cmp                                0x08004cc3   Thumb Code    28  lib_ascii.o(.text)
    Mem_Init                                 0x08004ce1   Thumb Code    54  lib_mem.o(.text)
    Mem_Set                                  0x08004d17   Thumb Code    62  lib_mem.o(.text)
    Mem_Clr                                  0x08004d55   Thumb Code     6  lib_mem.o(.text)
    Mem_Move                                 0x08004d5b   Thumb Code   116  lib_mem.o(.text)
    Mem_Cmp                                  0x08004dcf   Thumb Code   126  lib_mem.o(.text)
    Mem_HeapAlloc                            0x08004ea5   Thumb Code   114  lib_mem.o(.text)
    Mem_SegGetSizeRem                        0x08004f17   Thumb Code    60  lib_mem.o(.text)
    Mem_HeapGetSizeRem                       0x08004f53   Thumb Code     8  lib_mem.o(.text)
    Mem_PoolClr                              0x08004f5b   Thumb Code    56  lib_mem.o(.text)
    Mem_PoolCreate                           0x08004f93   Thumb Code   582  lib_mem.o(.text)
    Mem_PoolBlkGetNbrAvail                   0x080051d9   Thumb Code    26  lib_mem.o(.text)
    Mem_PoolBlkGet                           0x080051f3   Thumb Code    68  lib_mem.o(.text)
    Mem_PoolBlkGetUsedAtIx                   0x08005237   Thumb Code    62  lib_mem.o(.text)
    Mem_PoolBlkFree                          0x08005275   Thumb Code   100  lib_mem.o(.text)
    Mem_PoolBlkIxGet                         0x080052d9   Thumb Code   104  lib_mem.o(.text)
    Str_Len_N                                0x08005349   Thumb Code    22  lib_str.o(.text)
    Str_Len                                  0x0800535f   Thumb Code     6  lib_str.o(.text)
    Str_Copy_N                               0x08005365   Thumb Code    48  lib_str.o(.text)
    Str_Copy                                 0x08005395   Thumb Code     6  lib_str.o(.text)
    Str_Cat_N                                0x0800539b   Thumb Code    58  lib_str.o(.text)
    Str_Cat                                  0x080053d5   Thumb Code     6  lib_str.o(.text)
    Str_Cmp_N                                0x080053db   Thumb Code    86  lib_str.o(.text)
    Str_Cmp                                  0x08005431   Thumb Code     6  lib_str.o(.text)
    Str_CmpIgnoreCase_N                      0x08005437   Thumb Code   146  lib_str.o(.text)
    Str_CmpIgnoreCase                        0x080054c9   Thumb Code     6  lib_str.o(.text)
    Str_Char_N                               0x080054cf   Thumb Code    46  lib_str.o(.text)
    Str_Char                                 0x080054fd   Thumb Code     8  lib_str.o(.text)
    Str_Char_Last_N                          0x08005505   Thumb Code    44  lib_str.o(.text)
    Str_Char_Last                            0x08005531   Thumb Code     8  lib_str.o(.text)
    Str_Char_Replace_N                       0x08005539   Thumb Code    40  lib_str.o(.text)
    Str_Char_Replace                         0x08005561   Thumb Code     6  lib_str.o(.text)
    Str_Str_N                                0x08005567   Thumb Code   120  lib_str.o(.text)
    Str_Str                                  0x080055df   Thumb Code     6  lib_str.o(.text)
    Str_FmtNbr_Int32U                        0x0800573d   Thumb Code    24  lib_str.o(.text)
    Str_FmtNbr_Int32S                        0x08005755   Thumb Code    40  lib_str.o(.text)
    Str_ParseNbr_Int32U                      0x080058b7   Thumb Code    12  lib_str.o(.text)
    Str_ParseNbr_Int32S                      0x080058c3   Thumb Code    42  lib_str.o(.text)
    Mem_Copy                                 0x080058f1   Thumb Code     0  lib_mem_a.o(.text)
    OSCfg_Init                               0x08005b11   Thumb Code     2  os_cfg_app.o(.text)
    OS_IdleTask                              0x08005b15   Thumb Code    30  os_core.o(.text)
    OS_IdleTaskInit                          0x08005b33   Thumb Code    62  os_core.o(.text)
    OS_RdyListInit                           0x08005b71   Thumb Code    30  os_core.o(.text)
    OSInit                                   0x08005b8f   Thumb Code   290  os_core.o(.text)
    OSIntEnter                               0x08005cb1   Thumb Code    22  os_core.o(.text)
    OSIntExit                                0x08005cc7   Thumb Code   100  os_core.o(.text)
    OSSched                                  0x08005d2b   Thumb Code    86  os_core.o(.text)
    OS_SchedLockTimeMeasStart                0x08005d81   Thumb Code    20  os_core.o(.text)
    OSSchedLock                              0x08005d95   Thumb Code    72  os_core.o(.text)
    OS_SchedLockTimeMeasStop                 0x08005ddd   Thumb Code    42  os_core.o(.text)
    OSSchedUnlock                            0x08005e07   Thumb Code    92  os_core.o(.text)
    OSSchedRoundRobinCfg                     0x08005e63   Thumb Code    60  os_core.o(.text)
    OS_RdyListMoveHeadToTail                 0x08005e9f   Thumb Code    52  os_core.o(.text)
    OSSchedRoundRobinYield                   0x08005ed3   Thumb Code   264  os_core.o(.text)
    OSStart                                  0x08005fdb   Thumb Code    62  os_core.o(.text)
    OSVersion                                0x08006019   Thumb Code    10  os_core.o(.text)
    OS_PendDbgNameAdd                        0x08006023   Thumb Code    46  os_core.o(.text)
    OS_PendListInsertPrio                    0x08006051   Thumb Code    90  os_core.o(.text)
    OS_PendDataInit                          0x080060ab   Thumb Code    48  os_core.o(.text)
    OS_RdyListRemove                         0x080060db   Thumb Code    78  os_core.o(.text)
    OS_TaskBlock                             0x08006129   Thumb Code    42  os_core.o(.text)
    OS_Pend                                  0x08006153   Thumb Code    72  os_core.o(.text)
    OS_PendListRemove1                       0x0800619b   Thumb Code    54  os_core.o(.text)
    OS_PendListRemove                        0x080061d1   Thumb Code    38  os_core.o(.text)
    OS_PendAbort1                            0x080061f7   Thumb Code    32  os_core.o(.text)
    OS_RdyListInsertHead                     0x08006217   Thumb Code    52  os_core.o(.text)
    OS_RdyListInsertTail                     0x0800624b   Thumb Code    48  os_core.o(.text)
    OS_RdyListInsert                         0x0800627b   Thumb Code    38  os_core.o(.text)
    OS_TaskRdy                               0x080062a1   Thumb Code    26  os_core.o(.text)
    OS_PendAbort                             0x080062bb   Thumb Code   134  os_core.o(.text)
    OS_PendDbgNameRemove                     0x08006341   Thumb Code    22  os_core.o(.text)
    OS_PendListChangePrio                    0x08006357   Thumb Code   112  os_core.o(.text)
    OS_PendListInit                          0x080063c7   Thumb Code    10  os_core.o(.text)
    OS_PendListInsertHead                    0x080063d1   Thumb Code    32  os_core.o(.text)
    OS_PendObjDel1                           0x080063f1   Thumb Code    32  os_core.o(.text)
    OS_PendObjDel                            0x08006411   Thumb Code   126  os_core.o(.text)
    OS_Post1                                 0x0800648f   Thumb Code    38  os_core.o(.text)
    OS_Post                                  0x080064b5   Thumb Code   152  os_core.o(.text)
    OS_Sched0                                0x0800654d   Thumb Code    50  os_core.o(.text)
    OS_SchedRoundRobin                       0x0800657f   Thumb Code    80  os_core.o(.text)
    OS_Dbg_Init                              0x080065f1   Thumb Code     2  os_dbg.o(.text)
    OS_FlagDbgListAdd                        0x080065f5   Thumb Code    26  os_flag.o(.text)
    OSFlagCreate                             0x0800660f   Thumb Code   104  os_flag.o(.text)
    OS_FlagClr                               0x08006677   Thumb Code    16  os_flag.o(.text)
    OS_FlagDbgListRemove                     0x08006687   Thumb Code    36  os_flag.o(.text)
    OSFlagDel                                0x080066ab   Thumb Code   344  os_flag.o(.text)
    OS_FlagBlock                             0x08006803   Thumb Code    28  os_flag.o(.text)
    OSFlagPend                               0x0800681f   Thumb Code   584  os_flag.o(.text)
    OSFlagPendAbort                          0x08006a67   Thumb Code   196  os_flag.o(.text)
    OSFlagPendGetFlagsRdy                    0x08006b2b   Thumb Code    44  os_flag.o(.text)
    OS_FlagTaskRdy                           0x08006b57   Thumb Code    68  os_flag.o(.text)
    OS_FlagPost                              0x08006b9b   Thumb Code   294  os_flag.o(.text)
    OSFlagPost                               0x08006cc1   Thumb Code   114  os_flag.o(.text)
    OS_FlagInit                              0x08006d33   Thumb Code    14  os_flag.o(.text)
    OS_IntQPost                              0x08006d5d   Thumb Code   138  os_int.o(.text)
    OS_IntQRePost                            0x08006de7   Thumb Code   224  os_int.o(.text)
    OS_IntQTask                              0x08006ec7   Thumb Code   106  os_int.o(.text)
    OS_IntQTaskInit                          0x08006f31   Thumb Code   194  os_int.o(.text)
    OS_MemDbgListAdd                         0x08007085   Thumb Code    22  os_mem.o(.text)
    OSMemCreate                              0x0800709b   Thumb Code   186  os_mem.o(.text)
    OSMemGet                                 0x08007155   Thumb Code    60  os_mem.o(.text)
    OSMemPut                                 0x08007191   Thumb Code    70  os_mem.o(.text)
    OS_MemInit                               0x080071d7   Thumb Code    14  os_mem.o(.text)
    OS_MsgPoolCreate                         0x080071f9   Thumb Code    48  os_msg.o(.text)
    OS_MsgPoolInit                           0x08007229   Thumb Code    58  os_msg.o(.text)
    OS_MsgQFreeAll                           0x08007263   Thumb Code    48  os_msg.o(.text)
    OS_MsgQInit                              0x08007293   Thumb Code    14  os_msg.o(.text)
    OS_MsgQGet                               0x080072a1   Thumb Code    82  os_msg.o(.text)
    OS_MsgQPut                               0x080072f3   Thumb Code   128  os_msg.o(.text)
    OS_MutexDbgListAdd                       0x08007381   Thumb Code    26  os_mutex.o(.text)
    OSMutexCreate                            0x0800739b   Thumb Code   112  os_mutex.o(.text)
    OS_MutexClr                              0x0800740b   Thumb Code    24  os_mutex.o(.text)
    OS_MutexDbgListRemove                    0x08007423   Thumb Code    36  os_mutex.o(.text)
    OSMutexDel                               0x08007447   Thumb Code   470  os_mutex.o(.text)
    OSMutexPend                              0x0800761d   Thumb Code   490  os_mutex.o(.text)
    OSMutexPendAbort                         0x08007807   Thumb Code   196  os_mutex.o(.text)
    OSMutexPost                              0x080078cb   Thumb Code   364  os_mutex.o(.text)
    OS_MutexInit                             0x08007a37   Thumb Code    14  os_mutex.o(.text)
    OS_PrioInit                              0x08007a65   Thumb Code    18  os_prio.o(.text)
    OS_PrioGetHighest                        0x08007a77   Thumb Code    32  os_prio.o(.text)
    OS_PrioInsert                            0x08007a97   Thumb Code    28  os_prio.o(.text)
    OS_PrioRemove                            0x08007ab3   Thumb Code    28  os_prio.o(.text)
    OS_QDbgListAdd                           0x08007ad5   Thumb Code    26  os_q.o(.text)
    OSQCreate                                0x08007aef   Thumb Code   118  os_q.o(.text)
    OS_QClr                                  0x08007b65   Thumb Code    40  os_q.o(.text)
    OS_QDbgListRemove                        0x08007b8d   Thumb Code    36  os_q.o(.text)
    OSQDel                                   0x08007bb1   Thumb Code   256  os_q.o(.text)
    OSQFlush                                 0x08007cb1   Thumb Code   116  os_q.o(.text)
    OSQPend                                  0x08007d25   Thumb Code   344  os_q.o(.text)
    OSQPendAbort                             0x08007e7d   Thumb Code   236  os_q.o(.text)
    OS_QPost                                 0x08007f69   Thumb Code   194  os_q.o(.text)
    OSQPost                                  0x0800802b   Thumb Code   146  os_q.o(.text)
    OS_QInit                                 0x080080bd   Thumb Code    14  os_q.o(.text)
    OS_SemDbgListAdd                         0x080080e5   Thumb Code    26  os_sem.o(.text)
    OSSemCreate                              0x080080ff   Thumb Code   104  os_sem.o(.text)
    OS_SemClr                                0x08008167   Thumb Code    22  os_sem.o(.text)
    OS_SemDbgListRemove                      0x0800817d   Thumb Code    36  os_sem.o(.text)
    OSSemDel                                 0x080081a1   Thumb Code   256  os_sem.o(.text)
    OSSemPend                                0x080082a1   Thumb Code   298  os_sem.o(.text)
    OSSemPendAbort                           0x080083cb   Thumb Code   196  os_sem.o(.text)
    OS_SemPost                               0x0800848f   Thumb Code   202  os_sem.o(.text)
    OSSemPost                                0x08008559   Thumb Code   114  os_sem.o(.text)
    OSSemSet                                 0x080085cb   Thumb Code    78  os_sem.o(.text)
    OS_SemInit                               0x08008619   Thumb Code    14  os_sem.o(.text)
    OSStatReset                              0x08008639   Thumb Code   150  os_stat.o(.text)
    OSStatTaskCPUUsageInit                   0x080086cf   Thumb Code   126  os_stat.o(.text)
    OS_StatTask                              0x0800874d   Thumb Code   482  os_stat.o(.text)
    OS_StatTaskInit                          0x0800892f   Thumb Code   120  os_stat.o(.text)
    OSTaskChangePrio                         0x08008a39   Thumb Code   240  os_task.o(.text)
    OS_TaskDbgListAdd                        0x08008b29   Thumb Code    30  os_task.o(.text)
    OS_TaskInitTCB                           0x08008b47   Thumb Code   180  os_task.o(.text)
    OSTaskCreate                             0x08008bfb   Thumb Code   400  os_task.o(.text)
    OS_TaskDbgListRemove                     0x08008d8b   Thumb Code    50  os_task.o(.text)
    OSTaskDel                                0x08008dbd   Thumb Code   310  os_task.o(.text)
    OSTaskQFlush                             0x08008ef3   Thumb Code   106  os_task.o(.text)
    OSTaskQPend                              0x08008f5d   Thumb Code   328  os_task.o(.text)
    OSTaskQPendAbort                         0x080090a5   Thumb Code   140  os_task.o(.text)
    OS_TaskQPost                             0x08009131   Thumb Code   222  os_task.o(.text)
    OSTaskQPost                              0x0800920f   Thumb Code    96  os_task.o(.text)
    OSTaskRegGet                             0x0800926f   Thumb Code    66  os_task.o(.text)
    OSTaskRegGetID                           0x080092b1   Thumb Code    42  os_task.o(.text)
    OSTaskRegSet                             0x080092db   Thumb Code    40  os_task.o(.text)
    OS_TaskResume                            0x08009303   Thumb Code   184  os_task.o(.text)
    OSTaskResume                             0x080093bb   Thumb Code    78  os_task.o(.text)
    OSTaskSemPend                            0x08009409   Thumb Code   300  os_task.o(.text)
    OSTaskSemPendAbort                       0x08009535   Thumb Code   148  os_task.o(.text)
    OS_TaskSemPost                           0x080095c9   Thumb Code   284  os_task.o(.text)
    OSTaskSemPost                            0x080096e5   Thumb Code    78  os_task.o(.text)
    OSTaskSemSet                             0x08009733   Thumb Code    52  os_task.o(.text)
    OSTaskStkChk                             0x08009767   Thumb Code   136  os_task.o(.text)
    OS_TaskSuspend                           0x080097ef   Thumb Code   158  os_task.o(.text)
    OSTaskSuspend                            0x0800988d   Thumb Code    64  os_task.o(.text)
    OSTaskTimeQuantaSet                      0x080098cd   Thumb Code    68  os_task.o(.text)
    OS_TaskInit                              0x08009911   Thumb Code    18  os_task.o(.text)
    OS_TaskReturn                            0x08009923   Thumb Code    20  os_task.o(.text)
    OS_TickListRemove                        0x08009965   Thumb Code    54  os_tick.o(.text)
    OS_TickListUpdate                        0x0800999b   Thumb Code   304  os_tick.o(.text)
    OS_TickTask                              0x08009acb   Thumb Code    36  os_tick.o(.text)
    OS_TickListInit                          0x08009aef   Thumb Code    34  os_tick.o(.text)
    OS_TickTaskInit                          0x08009b11   Thumb Code   114  os_tick.o(.text)
    OS_TickListInsert                        0x08009b83   Thumb Code   202  os_tick.o(.text)
    OS_TickListResetPeak                     0x08009c4d   Thumb Code    30  os_tick.o(.text)
    OSTimeDly                                0x08009cb5   Thumb Code   158  os_time.o(.text)
    OSTimeDlyHMSM                            0x08009d53   Thumb Code   308  os_time.o(.text)
    OSTimeDlyResume                          0x08009e87   Thumb Code   184  os_time.o(.text)
    OSTimeGet                                0x08009f3f   Thumb Code    24  os_time.o(.text)
    OSTimeSet                                0x08009f57   Thumb Code    24  os_time.o(.text)
    OSTimeTick                               0x08009f6f   Thumb Code    52  os_time.o(.text)
    OS_TmrDbgListAdd                         0x08009fc5   Thumb Code    22  os_tmr.o(.text)
    OSTmrCreate                              0x08009fdb   Thumb Code   168  os_tmr.o(.text)
    OS_TmrClr                                0x0800a083   Thumb Code    34  os_tmr.o(.text)
    OS_TmrUnlink                             0x0800a0a5   Thumb Code    68  os_tmr.o(.text)
    OS_TmrDbgListRemove                      0x0800a0e9   Thumb Code    36  os_tmr.o(.text)
    OSTmrDel                                 0x0800a10d   Thumb Code   134  os_tmr.o(.text)
    OSTmrRemainGet                           0x0800a193   Thumb Code   140  os_tmr.o(.text)
    OS_TmrLink                               0x0800a21f   Thumb Code   140  os_tmr.o(.text)
    OSTmrStart                               0x0800a2ab   Thumb Code   122  os_tmr.o(.text)
    OSTmrStateGet                            0x0800a325   Thumb Code    86  os_tmr.o(.text)
    OSTmrStop                                0x0800a37b   Thumb Code   226  os_tmr.o(.text)
    OS_TmrTask                               0x0800a45d   Thumb Code   164  os_tmr.o(.text)
    OS_TmrInit                               0x0800a501   Thumb Code   174  os_tmr.o(.text)
    OS_TmrResetPeak                          0x0800a5af   Thumb Code    30  os_tmr.o(.text)
    OSIdleTaskHook                           0x0800a621   Thumb Code    12  os_cpu_c.o(.text)
    OSInitHook                               0x0800a62d   Thumb Code    22  os_cpu_c.o(.text)
    OSStatTaskHook                           0x0800a643   Thumb Code    12  os_cpu_c.o(.text)
    OSTaskCreateHook                         0x0800a64f   Thumb Code    12  os_cpu_c.o(.text)
    OSTaskDelHook                            0x0800a65b   Thumb Code    12  os_cpu_c.o(.text)
    OSTaskReturnHook                         0x0800a667   Thumb Code    12  os_cpu_c.o(.text)
    OSTaskStkInit                            0x0800a673   Thumb Code    96  os_cpu_c.o(.text)
    OSTaskSwHook                             0x0800a6d3   Thumb Code    72  os_cpu_c.o(.text)
    OSTimeTickHook                           0x0800a71b   Thumb Code    12  os_cpu_c.o(.text)
    OS_CPU_SysTickHandler                    0x0800a727   Thumb Code    30  os_cpu_c.o(.text)
    OS_CPU_SysTickInit                       0x0800a745   Thumb Code    36  os_cpu_c.o(.text)
    eMBInit                                  0x0800a7a9   Thumb Code   140  mb.o(.text)
    eMBRegisterCB                            0x0800a835   Thumb Code    90  mb.o(.text)
    eMBClose                                 0x0800a88f   Thumb Code    28  mb.o(.text)
    eMBEnable                                0x0800a8ab   Thumb Code    28  mb.o(.text)
    eMBDisable                               0x0800a8c7   Thumb Code    28  mb.o(.text)
    eMBPoll                                  0x0800a8e3   Thumb Code   174  mb.o(.text)
    eMBASCIIInit                             0x0800a9cd   Thumb Code    46  mbascii.o(.text)
    eMBASCIIStart                            0x0800a9fb   Thumb Code    24  mbascii.o(.text)
    eMBASCIIStop                             0x0800aa13   Thumb Code    18  mbascii.o(.text)
    eMBASCIIReceive                          0x0800aa25   Thumb Code    68  mbascii.o(.text)
    eMBASCIISend                             0x0800aa69   Thumb Code    68  mbascii.o(.text)
    xMBASCIIReceiveFSM                       0x0800aaad   Thumb Code   222  mbascii.o(.text)
    xMBASCIITransmitFSM                      0x0800ab8b   Thumb Code   168  mbascii.o(.text)
    xMBASCIITimerT1SExpired                  0x0800ac33   Thumb Code    42  mbascii.o(.text)
    eMBFuncReadCoils                         0x0800ac95   Thumb Code   110  mbfunccoils.o(.text)
    eMBFuncWriteCoil                         0x0800ad03   Thumb Code    82  mbfunccoils.o(.text)
    eMBFuncWriteMultipleCoils                0x0800ad55   Thumb Code    96  mbfunccoils.o(.text)
    eMBFuncReadDiscreteInputs                0x0800adb5   Thumb Code   110  mbfuncdisc.o(.text)
    eMBFuncWriteHoldingRegister              0x0800ae23   Thumb Code    46  mbfuncholding.o(.text)
    eMBFuncWriteMultipleHoldingRegister      0x0800ae51   Thumb Code    74  mbfuncholding.o(.text)
    eMBFuncReadHoldingRegister               0x0800ae9b   Thumb Code    90  mbfuncholding.o(.text)
    eMBFuncReadWriteMultipleHoldingRegister  0x0800aef5   Thumb Code   156  mbfuncholding.o(.text)
    eMBFuncReadInputRegister                 0x0800af91   Thumb Code    94  mbfuncinput.o(.text)
    eMBSetSlaveID                            0x0800aff1   Thumb Code    64  mbfuncother.o(.text)
    eMBFuncReportSlaveID                     0x0800b031   Thumb Code    26  mbfuncother.o(.text)
    xMBUtilSetBits                           0x0800b055   Thumb Code    50  mbutils.o(.text)
    xMBUtilGetBits                           0x0800b087   Thumb Code    34  mbutils.o(.text)
    prveMBError2Exception                    0x0800b0a9   Thumb Code    24  mbutils.o(.text)
    usMBCRC16                                0x0800b0c1   Thumb Code    38  mbcrc.o(.text)
    eMBRTUInit                               0x0800b0ed   Thumb Code    54  mbrtu.o(.text)
    eMBRTUStart                              0x0800b123   Thumb Code    24  mbrtu.o(.text)
    eMBRTUStop                               0x0800b13b   Thumb Code    18  mbrtu.o(.text)
    eMBRTUReceive                            0x0800b14d   Thumb Code    70  mbrtu.o(.text)
    eMBRTUSend                               0x0800b193   Thumb Code   102  mbrtu.o(.text)
    xMBRTUReceiveFSM                         0x0800b1f9   Thumb Code    96  mbrtu.o(.text)
    xMBRTUTransmitFSM                        0x0800b259   Thumb Code    86  mbrtu.o(.text)
    xMBRTUTimerT35Expired                    0x0800b2af   Thumb Code    58  mbrtu.o(.text)
    xMBPortTimersInit                        0x0800b2f5   Thumb Code   122  porttimer.o(.text)
    vMBPortTimersEnable                      0x0800b36f   Thumb Code    42  porttimer.o(.text)
    vMBPortTimersDisable                     0x0800b399   Thumb Code    42  porttimer.o(.text)
    TIM4_IRQHandler                          0x0800b3c3   Thumb Code    36  porttimer.o(.text)
    vMBPortSerialEnable                      0x0800b3f5   Thumb Code    94  portserial.o(.text)
    xMBPortSerialInit                        0x0800b453   Thumb Code   178  portserial.o(.text)
    xMBPortSerialPutByte                     0x0800b505   Thumb Code    14  portserial.o(.text)
    xMBPortSerialGetByte                     0x0800b513   Thumb Code    16  portserial.o(.text)
    USART2_IRQHandler                        0x0800b523   Thumb Code    70  portserial.o(.text)
    xMBPortEventInit                         0x0800b579   Thumb Code    10  portevent.o(.text)
    xMBPortEventPost                         0x0800b583   Thumb Code    12  portevent.o(.text)
    xMBPortEventGet                          0x0800b58f   Thumb Code    24  portevent.o(.text)
    __aeabi_uldivmod                         0x0800b5ad   Thumb Code    98  uldiv.o(.text)
    __rt_ctype_table                         0x0800b611   Thumb Code     4  ctype_o.o(.text)
    isspace                                  0x0800b619   Thumb Code    18  isspace_o.o(.text)
    __aeabi_memcpy                           0x0800b62b   Thumb Code    36  memcpya.o(.text)
    __aeabi_memcpy4                          0x0800b62b   Thumb Code     0  memcpya.o(.text)
    __aeabi_memcpy8                          0x0800b62b   Thumb Code     0  memcpya.o(.text)
    __aeabi_memset                           0x0800b64f   Thumb Code    14  memseta.o(.text)
    __aeabi_memset4                          0x0800b64f   Thumb Code     0  memseta.o(.text)
    __aeabi_memset8                          0x0800b64f   Thumb Code     0  memseta.o(.text)
    __aeabi_memclr                           0x0800b65d   Thumb Code     4  memseta.o(.text)
    __aeabi_memclr4                          0x0800b65d   Thumb Code     0  memseta.o(.text)
    __aeabi_memclr8                          0x0800b65d   Thumb Code     0  memseta.o(.text)
    _memset$wrapper                          0x0800b661   Thumb Code    18  memseta.o(.text)
    strcmp                                   0x0800b673   Thumb Code    28  strcmp.o(.text)
    strncmp                                  0x0800b68f   Thumb Code    30  strncmp.o(.text)
    __0sscanf                                0x0800b6ad   Thumb Code    48  __0sscanf.o(.text)
    _scanf_int                               0x0800b6e5   Thumb Code   332  _scanf_int.o(.text)
    __aeabi_fadd                             0x0800b831   Thumb Code   164  fadd.o(.text)
    __aeabi_fsub                             0x0800b8d5   Thumb Code     6  fadd.o(.text)
    __aeabi_frsub                            0x0800b8db   Thumb Code     6  fadd.o(.text)
    __aeabi_fmul                             0x0800b8e1   Thumb Code   100  fmul.o(.text)
    __aeabi_fdiv                             0x0800b945   Thumb Code   124  fdiv.o(.text)
    __ARM_scalbnf                            0x0800b9c1   Thumb Code    24  fscalb.o(.text)
    scalbnf                                  0x0800b9c1   Thumb Code     0  fscalb.o(.text)
    __aeabi_dadd                             0x0800b9d9   Thumb Code   322  dadd.o(.text)
    __aeabi_dsub                             0x0800bb1b   Thumb Code     6  dadd.o(.text)
    __aeabi_drsub                            0x0800bb21   Thumb Code     6  dadd.o(.text)
    __aeabi_dmul                             0x0800bb27   Thumb Code   228  dmul.o(.text)
    __aeabi_ddiv                             0x0800bc0b   Thumb Code   222  ddiv.o(.text)
    __ARM_scalbn                             0x0800bce9   Thumb Code    46  dscalb.o(.text)
    scalbn                                   0x0800bce9   Thumb Code     0  dscalb.o(.text)
    __aeabi_i2f                              0x0800bd17   Thumb Code    18  fflti.o(.text)
    __aeabi_ui2f                             0x0800bd29   Thumb Code    10  ffltui.o(.text)
    __aeabi_i2d                              0x0800bd33   Thumb Code    34  dflti.o(.text)
    __aeabi_ui2d                             0x0800bd55   Thumb Code    26  dfltui.o(.text)
    __aeabi_f2iz                             0x0800bd6f   Thumb Code    50  ffixi.o(.text)
    __aeabi_d2uiz                            0x0800bda1   Thumb Code    50  dfixui.o(.text)
    __aeabi_f2d                              0x0800bdd3   Thumb Code    38  f2d.o(.text)
    __aeabi_cdrcmple                         0x0800bdf9   Thumb Code    48  cdrcmple.o(.text)
    __aeabi_d2f                              0x0800be29   Thumb Code    56  d2f.o(.text)
    __aeabi_cfcmpeq                          0x0800be61   Thumb Code     0  cfcmple.o(.text)
    __aeabi_cfcmple                          0x0800be61   Thumb Code    20  cfcmple.o(.text)
    __aeabi_uidiv                            0x0800be75   Thumb Code     0  uidiv.o(.text)
    __aeabi_uidivmod                         0x0800be75   Thumb Code    44  uidiv.o(.text)
    __aeabi_llsl                             0x0800bea1   Thumb Code    30  llshl.o(.text)
    _ll_shift_l                              0x0800bea1   Thumb Code     0  llshl.o(.text)
    __aeabi_llsr                             0x0800bebf   Thumb Code    32  llushr.o(.text)
    _ll_ushift_r                             0x0800bebf   Thumb Code     0  llushr.o(.text)
    __aeabi_lasr                             0x0800bedf   Thumb Code    36  llsshr.o(.text)
    _ll_sshift_r                             0x0800bedf   Thumb Code     0  llsshr.o(.text)
    _chval                                   0x0800bf03   Thumb Code    28  _chval.o(.text)
    __vfscanf_char                           0x0800bf2d   Thumb Code    20  scanf_char.o(.text)
    _sgetc                                   0x0800bf49   Thumb Code    30  _sgetc.o(.text)
    _sbackspace                              0x0800bf67   Thumb Code    34  _sgetc.o(.text)
    __I$use$fp                               0x0800bf89   Thumb Code     0  iusefp.o(.text)
    _float_round                             0x0800bf89   Thumb Code    18  fepilogue.o(.text)
    _float_epilogue                          0x0800bf9b   Thumb Code    92  fepilogue.o(.text)
    _double_round                            0x0800bff7   Thumb Code    30  depilogue.o(.text)
    _double_epilogue                         0x0800c015   Thumb Code   156  depilogue.o(.text)
    _dsqrt                                   0x0800c0b1   Thumb Code   162  dsqrt.o(.text)
    __aeabi_d2ulz                            0x0800c153   Thumb Code    48  dfixul.o(.text)
    __aeabi_cdcmpeq                          0x0800c185   Thumb Code     0  cdcmple.o(.text)
    __aeabi_cdcmple                          0x0800c185   Thumb Code    48  cdcmple.o(.text)
    __scatterload                            0x0800c1b5   Thumb Code    28  init.o(.text)
    __scatterload_rt2                        0x0800c1b5   Thumb Code     0  init.o(.text)
    __vfscanf                                0x0800c1d9   Thumb Code   808  _scanf.o(.text)
    __decompress                             0x0800c505   Thumb Code     0  __dczerorl2.o(.text)
    __decompress1                            0x0800c505   Thumb Code    86  __dczerorl2.o(.text)
    OSStartHighRdy                           0x0800c55d   Thumb Code     0  os_cpu_a.o(CODE)
    OSCtxSw                                  0x0800c57f   Thumb Code     0  os_cpu_a.o(CODE)
    OSIntCtxSw                               0x0800c589   Thumb Code     0  os_cpu_a.o(CODE)
    PendSV_Handler                           0x0800c593   Thumb Code     0  os_cpu_a.o(CODE)
    __0printf                                0x0800c5f5   Thumb Code    22  printfa.o(i.__0printf)
    __1printf                                0x0800c5f5   Thumb Code     0  printfa.o(i.__0printf)
    __2printf                                0x0800c5f5   Thumb Code     0  printfa.o(i.__0printf)
    __c89printf                              0x0800c5f5   Thumb Code     0  printfa.o(i.__0printf)
    printf                                   0x0800c5f5   Thumb Code     0  printfa.o(i.__0printf)
    __ARM_fpclassify                         0x0800c615   Thumb Code    40  fpclassify.o(i.__ARM_fpclassify)
    __kernel_poly                            0x0800c63d   Thumb Code   170  poly.o(i.__kernel_poly)
    __mathlib_dbl_divzero                    0x0800c6e9   Thumb Code    12  dunder.o(i.__mathlib_dbl_divzero)
    __mathlib_dbl_infnan                     0x0800c6f9   Thumb Code     6  dunder.o(i.__mathlib_dbl_infnan)
    __mathlib_dbl_infnan2                    0x0800c6ff   Thumb Code     4  dunder.o(i.__mathlib_dbl_infnan2)
    __mathlib_dbl_invalid                    0x0800c703   Thumb Code    12  dunder.o(i.__mathlib_dbl_invalid)
    __mathlib_dbl_overflow                   0x0800c70f   Thumb Code    14  dunder.o(i.__mathlib_dbl_overflow)
    __mathlib_dbl_underflow                  0x0800c71d   Thumb Code    10  dunder.o(i.__mathlib_dbl_underflow)
    __scatterload_copy                       0x0800c72d   Thumb Code    14  handlers.o(i.__scatterload_copy)
    __scatterload_null                       0x0800c73b   Thumb Code     2  handlers.o(i.__scatterload_null)
    __scatterload_zeroinit                   0x0800c73d   Thumb Code    14  handlers.o(i.__scatterload_zeroinit)
    __set_errno                              0x0800c74d   Thumb Code     6  errno.o(i.__set_errno)
    log                                      0x0800cfed   Thumb Code   808  log.o(i.log)
    pow                                      0x0800d349   Thumb Code  2512  pow.o(i.pow)
    sqrt                                     0x0800dd21   Thumb Code    76  sqrt.o(i.sqrt)
    Zero_Calibration                         0x0800dd6c   Data           8  lyndir_no.o(.constdata)
    Zero_CalFinish_Flag                      0x0800dd74   Data           8  lyndir_no.o(.constdata)
    Span_CalCoefficientR                     0x0800dd7c   Data           8  lyndir_no.o(.constdata)
    No_Concentration                         0x0800dd84   Data           8  lyndir_no.o(.constdata)
    No_Pressure                              0x0800dd8c   Data           8  lyndir_no.o(.constdata)
    NO_Status                                0x0800dd94   Data           8  lyndir_no.o(.constdata)
    OSCfg_StatTaskPrio                       0x0800df30   Data           1  os_cfg_app.o(.constdata)
    OSCfg_TickTaskPrio                       0x0800df31   Data           1  os_cfg_app.o(.constdata)
    OSCfg_TmrTaskPrio                        0x0800df32   Data           1  os_cfg_app.o(.constdata)
    OSCfg_IntQSize                           0x0800df34   Data           2  os_cfg_app.o(.constdata)
    OSCfg_MsgPoolSize                        0x0800df36   Data           2  os_cfg_app.o(.constdata)
    OSCfg_TickWheelSize                      0x0800df38   Data           2  os_cfg_app.o(.constdata)
    OSCfg_TmrWheelSize                       0x0800df3a   Data           2  os_cfg_app.o(.constdata)
    OSCfg_IdleTaskStkBasePtr                 0x0800df3c   Data           4  os_cfg_app.o(.constdata)
    OSCfg_IdleTaskStkLimit                   0x0800df40   Data           4  os_cfg_app.o(.constdata)
    OSCfg_IdleTaskStkSize                    0x0800df44   Data           4  os_cfg_app.o(.constdata)
    OSCfg_IdleTaskStkSizeRAM                 0x0800df48   Data           4  os_cfg_app.o(.constdata)
    OSCfg_IntQBasePtr                        0x0800df4c   Data           4  os_cfg_app.o(.constdata)
    OSCfg_IntQSizeRAM                        0x0800df50   Data           4  os_cfg_app.o(.constdata)
    OSCfg_IntQTaskStkBasePtr                 0x0800df54   Data           4  os_cfg_app.o(.constdata)
    OSCfg_IntQTaskStkLimit                   0x0800df58   Data           4  os_cfg_app.o(.constdata)
    OSCfg_IntQTaskStkSize                    0x0800df5c   Data           4  os_cfg_app.o(.constdata)
    OSCfg_IntQTaskStkSizeRAM                 0x0800df60   Data           4  os_cfg_app.o(.constdata)
    OSCfg_ISRStkBasePtr                      0x0800df64   Data           4  os_cfg_app.o(.constdata)
    OSCfg_ISRStkSize                         0x0800df68   Data           4  os_cfg_app.o(.constdata)
    OSCfg_ISRStkSizeRAM                      0x0800df6c   Data           4  os_cfg_app.o(.constdata)
    OSCfg_MsgPoolSizeRAM                     0x0800df70   Data           4  os_cfg_app.o(.constdata)
    OSCfg_MsgPoolBasePtr                     0x0800df74   Data           4  os_cfg_app.o(.constdata)
    OSCfg_StatTaskRate_Hz                    0x0800df78   Data           4  os_cfg_app.o(.constdata)
    OSCfg_StatTaskStkBasePtr                 0x0800df7c   Data           4  os_cfg_app.o(.constdata)
    OSCfg_StatTaskStkLimit                   0x0800df80   Data           4  os_cfg_app.o(.constdata)
    OSCfg_StatTaskStkSize                    0x0800df84   Data           4  os_cfg_app.o(.constdata)
    OSCfg_StatTaskStkSizeRAM                 0x0800df88   Data           4  os_cfg_app.o(.constdata)
    OSCfg_StkSizeMin                         0x0800df8c   Data           4  os_cfg_app.o(.constdata)
    OSCfg_TickRate_Hz                        0x0800df90   Data           4  os_cfg_app.o(.constdata)
    OSCfg_TickTaskStkBasePtr                 0x0800df94   Data           4  os_cfg_app.o(.constdata)
    OSCfg_TickTaskStkLimit                   0x0800df98   Data           4  os_cfg_app.o(.constdata)
    OSCfg_TickTaskStkSize                    0x0800df9c   Data           4  os_cfg_app.o(.constdata)
    OSCfg_TickTaskStkSizeRAM                 0x0800dfa0   Data           4  os_cfg_app.o(.constdata)
    OSCfg_TickWheelSizeRAM                   0x0800dfa4   Data           4  os_cfg_app.o(.constdata)
    OSCfg_TmrTaskRate_Hz                     0x0800dfa8   Data           4  os_cfg_app.o(.constdata)
    OSCfg_TmrTaskStkBasePtr                  0x0800dfac   Data           4  os_cfg_app.o(.constdata)
    OSCfg_TmrTaskStkLimit                    0x0800dfb0   Data           4  os_cfg_app.o(.constdata)
    OSCfg_TmrTaskStkSize                     0x0800dfb4   Data           4  os_cfg_app.o(.constdata)
    OSCfg_TmrTaskStkSizeRAM                  0x0800dfb8   Data           4  os_cfg_app.o(.constdata)
    OSCfg_TmrWheelSizeRAM                    0x0800dfbc   Data           4  os_cfg_app.o(.constdata)
    OSCfg_DataSizeRAM                        0x0800dfc0   Data           4  os_cfg_app.o(.constdata)
    __ctype_table                            0x0800e288   Data         129  ctype_o.o(.constdata)
    __mathlib_zero                           0x0800e310   Data           8  qnan.o(.constdata)
    Region$$Table$$Base                      0x0800e318   Number         0  anon$$obj.o(Region$$Table)
    Region$$Table$$Limit                     0x0800e338   Number         0  anon$$obj.o(Region$$Table)
    usRegInputStart                          0x20000000   Data           2  main.o(.data)
    usRegHoldingStart                        0x20000002   Data           2  main.o(.data)
    ucRegCoilsBuf                            0x20000004   Data           2  main.o(.data)
    ucRegDiscreteBuf                         0x20000006   Data           2  main.o(.data)
    SystemCoreClock                          0x20000008   Data           4  system_stm32f10x.o(.data)
    AHBPrescTable                            0x2000000c   Data          16  system_stm32f10x.o(.data)
    PC                                       0x2000001c   Data           4  com_press.o(.data)
    GETDATA                                  0x20000020   Data           4  lyndir_no.o(.data)
    Lyndir_No                                0x20000024   Data           4  lyndir_no.o(.data)
    Span_CalCoefficientW                     0x20000028   Data          13  lyndir_no.o(.data)
    ADC                                      0x20000038   Data           4  adc.o(.data)
    PID_Tem_startup                          0x2000003c   Data           1  ntc.o(.data)
    j                                        0x20000040   Data           1  kalmanoperation.o(.data)
    j1                                       0x20000041   Data           1  kalmanoperation.o(.data)
    j2                                       0x20000042   Data           1  kalmanoperation.o(.data)
    gammam                                   0x20000044   Data           4  kalmanoperation.o(.data)
    gammam1                                  0x20000048   Data           4  kalmanoperation.o(.data)
    gammam2                                  0x2000004c   Data           4  kalmanoperation.o(.data)
    Q                                        0x20000050   Data           4  kalmanoperation.o(.data)
    Q1                                       0x20000054   Data           4  kalmanoperation.o(.data)
    Q2                                       0x20000058   Data           4  kalmanoperation.o(.data)
    I_celiang                                0x2000005c   Data           4  kalmanoperation.o(.data)
    I_celiang1                               0x20000060   Data           4  kalmanoperation.o(.data)
    I_celiang2                               0x20000064   Data           4  kalmanoperation.o(.data)
    X_k                                      0x20000068   Data           4  kalmanoperation.o(.data)
    _X_k                                     0x2000006c   Data           4  kalmanoperation.o(.data)
    P_k                                      0x20000070   Data           4  kalmanoperation.o(.data)
    _P_k                                     0x20000074   Data           4  kalmanoperation.o(.data)
    Kg                                       0x20000078   Data           4  kalmanoperation.o(.data)
    R                                        0x2000007c   Data           4  kalmanoperation.o(.data)
    X_k2                                     0x20000080   Data           4  kalmanoperation.o(.data)
    _X_k2                                    0x20000084   Data           4  kalmanoperation.o(.data)
    P_k2                                     0x20000088   Data           4  kalmanoperation.o(.data)
    _P_k2                                    0x2000008c   Data           4  kalmanoperation.o(.data)
    Kg2                                      0x20000090   Data           4  kalmanoperation.o(.data)
    R2                                       0x20000094   Data           4  kalmanoperation.o(.data)
    X_k1                                     0x20000098   Data           4  kalmanoperation.o(.data)
    _X_k1                                    0x2000009c   Data           4  kalmanoperation.o(.data)
    P_k1                                     0x200000a0   Data           4  kalmanoperation.o(.data)
    _P_k1                                    0x200000a4   Data           4  kalmanoperation.o(.data)
    Kg1                                      0x200000a8   Data           4  kalmanoperation.o(.data)
    R1                                       0x200000ac   Data           4  kalmanoperation.o(.data)
    PID_Flag                                 0x200000b0   Data           1  pid_ctrl.o(.data)
    PID_Value                                0x200000b4   Data           4  pid_ctrl.o(.data)
    TempretureRead                           0x200000b8   Data           4  pid_ctrl.o(.data)
    PID_Start                                0x200000bc   Data           1  pid_ctrl.o(.data)
    __stdout                                 0x200000c4   Data           4  usart.o(.data)
    CPU_TS_TmrFreq_Hz                        0x200000dc   Data           4  cpu_core.o(.data)
    Mem_PoolTbl                              0x200000e0   Data           4  lib_mem.o(.data)
    OSPrioTbl                                0x200000e4   Data           8  os_prio.o(.data)
    OS_AppTaskCreateHookPtr                  0x200000ec   Data           4  os_var.o(.data)
    OS_AppTaskDelHookPtr                     0x200000f0   Data           4  os_var.o(.data)
    OS_AppTaskReturnHookPtr                  0x200000f4   Data           4  os_var.o(.data)
    OS_AppIdleTaskHookPtr                    0x200000f8   Data           4  os_var.o(.data)
    OS_AppStatTaskHookPtr                    0x200000fc   Data           4  os_var.o(.data)
    OS_AppTaskSwHookPtr                      0x20000100   Data           4  os_var.o(.data)
    OS_AppTimeTickHookPtr                    0x20000104   Data           4  os_var.o(.data)
    OSIdleTaskCtr                            0x20000108   Data           4  os_var.o(.data)
    OSIntNestingCtr                          0x2000010c   Data           1  os_var.o(.data)
    OSRunning                                0x2000010d   Data           1  os_var.o(.data)
    OSIntQInPtr                              0x20000110   Data           4  os_var.o(.data)
    OSIntQOutPtr                             0x20000114   Data           4  os_var.o(.data)
    OSIntQNbrEntries                         0x20000118   Data           2  os_var.o(.data)
    OSIntQNbrEntriesMax                      0x2000011a   Data           2  os_var.o(.data)
    OSIntQOvfCtr                             0x2000011c   Data           2  os_var.o(.data)
    OSIntQTaskTimeMax                        0x20000120   Data           4  os_var.o(.data)
    OSFlagDbgListPtr                         0x20000124   Data           4  os_var.o(.data)
    OSFlagQty                                0x20000128   Data           2  os_var.o(.data)
    OSMemDbgListPtr                          0x2000012c   Data           4  os_var.o(.data)
    OSMemQty                                 0x20000130   Data           2  os_var.o(.data)
    OSMutexDbgListPtr                        0x20000134   Data           4  os_var.o(.data)
    OSMutexQty                               0x20000138   Data           2  os_var.o(.data)
    OSPrioCur                                0x2000013a   Data           1  os_var.o(.data)
    OSPrioHighRdy                            0x2000013b   Data           1  os_var.o(.data)
    OSPrioSaved                              0x2000013c   Data           1  os_var.o(.data)
    OSQDbgListPtr                            0x20000140   Data           4  os_var.o(.data)
    OSQQty                                   0x20000144   Data           2  os_var.o(.data)
    OSSchedLockTimeBegin                     0x20000148   Data           4  os_var.o(.data)
    OSSchedLockTimeMax                       0x2000014c   Data           4  os_var.o(.data)
    OSSchedLockTimeMaxCur                    0x20000150   Data           4  os_var.o(.data)
    OSSchedLockNestingCtr                    0x20000154   Data           1  os_var.o(.data)
    OSSchedRoundRobinDfltTimeQuanta          0x20000158   Data           4  os_var.o(.data)
    OSSchedRoundRobinEn                      0x2000015c   Data           1  os_var.o(.data)
    OSSemDbgListPtr                          0x20000160   Data           4  os_var.o(.data)
    OSSemQty                                 0x20000164   Data           2  os_var.o(.data)
    OSStatResetFlag                          0x20000166   Data           1  os_var.o(.data)
    OSStatTaskCPUUsage                       0x20000168   Data           2  os_var.o(.data)
    OSStatTaskCPUUsageMax                    0x2000016a   Data           2  os_var.o(.data)
    OSStatTaskCtr                            0x2000016c   Data           4  os_var.o(.data)
    OSStatTaskCtrMax                         0x20000170   Data           4  os_var.o(.data)
    OSStatTaskCtrRun                         0x20000174   Data           4  os_var.o(.data)
    OSStatTaskRdy                            0x20000178   Data           1  os_var.o(.data)
    OSStatTaskTimeMax                        0x2000017c   Data           4  os_var.o(.data)
    OSTaskCtxSwCtr                           0x20000180   Data           4  os_var.o(.data)
    OSTaskDbgListPtr                         0x20000184   Data           4  os_var.o(.data)
    OSTaskQty                                0x20000188   Data           2  os_var.o(.data)
    OSTaskRegNextAvailID                     0x2000018a   Data           1  os_var.o(.data)
    OSTickCtr                                0x2000018c   Data           4  os_var.o(.data)
    OSTickTaskTimeMax                        0x20000190   Data           4  os_var.o(.data)
    OSTmrDbgListPtr                          0x20000194   Data           4  os_var.o(.data)
    OSTmrQty                                 0x20000198   Data           2  os_var.o(.data)
    OSTmrTaskTimeMax                         0x2000019c   Data           4  os_var.o(.data)
    OSTmrTickCtr                             0x200001a0   Data           4  os_var.o(.data)
    OSTmrUpdateCnt                           0x200001a4   Data           4  os_var.o(.data)
    OSTmrUpdateCtr                           0x200001a8   Data           4  os_var.o(.data)
    OSTCBCurPtr                              0x200001ac   Data           4  os_var.o(.data)
    OSTCBHighRdyPtr                          0x200001b0   Data           4  os_var.o(.data)
    OS_CPU_ExceptStkBase                     0x200001b4   Data           4  os_cpu_c.o(.data)
    pxMBFrameCBByteReceived                  0x200001d8   Data           4  mb.o(.data)
    pxMBFrameCBTransmitterEmpty              0x200001dc   Data           4  mb.o(.data)
    pxMBPortCBTimerExpired                   0x200001e0   Data           4  mb.o(.data)
    usRegInputBuf                            0x2000028c   Data         200  main.o(.bss)
    usRegHoldingBuf                          0x20000354   Data         200  main.o(.bss)
    StartTaskTCB                             0x2000041c   Data         196  main.o(.bss)
    START_TASK_STK                           0x200004e0   Data         512  main.o(.bss)
    Main_TaskTCB                             0x200006e0   Data         196  main.o(.bss)
    MAIN_TASK_STK                            0x200007a4   Data        1024  main.o(.bss)
    Keyprocess_TaskTCB                       0x20000ba4   Data         196  main.o(.bss)
    KEYPROCESS_TASK_STK                      0x20000c68   Data         512  main.o(.bss)
    Msgdis_TaskTCB                           0x20000e68   Data         196  main.o(.bss)
    MSGDIS_TASK_STK                          0x20000f2c   Data        1024  main.o(.bss)
    Communication_TaskTCB                    0x2000132c   Data         196  main.o(.bss)
    COMMUNICATION_TASK_STK                   0x200013f0   Data        1024  main.o(.bss)
    CALIBRATION_TaskTCB                      0x200017f0   Data         196  main.o(.bss)
    CALIBRATION_TASK_STK                     0x200018b4   Data        1024  main.o(.bss)
    KEY_Msg                                  0x20001cb4   Data          48  main.o(.bss)
    DATA_Msg                                 0x20001ce4   Data          48  main.o(.bss)
    TEST_MUTEX                               0x20001d14   Data          44  main.o(.bss)
    USARTStructure4                          0x20001d40   Data         203  usart4.o(.bss)
    Zero_Calibration_RX_BUF                  0x20001e0b   Data          20  lyndir_no.o(.bss)
    Zero_CalFinish_Flag_RX_BUF               0x20001e1f   Data          20  lyndir_no.o(.bss)
    Span_CalCoefficientR_RX_BUF              0x20001e33   Data          20  lyndir_no.o(.bss)
    Span_CalCoefficientW_RX_BUF              0x20001e47   Data          20  lyndir_no.o(.bss)
    No_Concentration_RX_BUF                  0x20001e5b   Data          20  lyndir_no.o(.bss)
    No_Pressure_RX_BUF                       0x20001e6f   Data          20  lyndir_no.o(.bss)
    No_Status_RX_BUF                         0x20001e83   Data          20  lyndir_no.o(.bss)
    ADCConvertedValue                        0x20001e98   Data         144  adc.o(.bss)
    ADC_BUFF                                 0x20001f28   Data          18  adc.o(.bss)
    MPL                                      0x20001f3a   Data          48  mpl115a2.o(.bss)
    SM                                       0x20001f6a   Data          10  sm5852.o(.bss)
    NTC                                      0x20001f74   Data          64  ntc.o(.bss)
    PID                                      0x20001fb4   Data          72  pid_ctrl.o(.bss)
    USARTStructure1                          0x20001ffc   Data         103  usart.o(.bss)
    CPU_Name                                 0x20002063   Data          16  cpu_core.o(.bss)
    Mem_PoolHeap                             0x20002074   Data          72  lib_mem.o(.bss)
    Mem_Heap                                 0x200020bc   Data        1024  lib_mem.o(.bss)
    OSCfg_IdleTaskStk                        0x200024bc   Data         512  os_cfg_app.o(.bss)
    OSCfg_IntQ                               0x200026bc   Data         320  os_cfg_app.o(.bss)
    OSCfg_IntQTaskStk                        0x200027fc   Data         512  os_cfg_app.o(.bss)
    OSCfg_ISRStk                             0x200029fc   Data         512  os_cfg_app.o(.bss)
    OSCfg_MsgPool                            0x20002bfc   Data        1600  os_cfg_app.o(.bss)
    OSCfg_StatTaskStk                        0x2000323c   Data         512  os_cfg_app.o(.bss)
    OSCfg_TickTaskStk                        0x2000343c   Data         512  os_cfg_app.o(.bss)
    OSCfg_TickWheel                          0x2000363c   Data         136  os_cfg_app.o(.bss)
    OSCfg_TmrTaskStk                         0x200036c4   Data         512  os_cfg_app.o(.bss)
    OSCfg_TmrWheel                           0x200038c4   Data         136  os_cfg_app.o(.bss)
    OSIdleTaskTCB                            0x2000394c   Data         196  os_var.o(.bss)
    OSIntQTaskTCB                            0x20003a10   Data         196  os_var.o(.bss)
    OSMsgPool                                0x20003ad4   Data          12  os_var.o(.bss)
    OSRdyList                                0x20003ae0   Data         768  os_var.o(.bss)
    OSStatTaskTCB                            0x20003de0   Data         196  os_var.o(.bss)
    OSTickTaskTCB                            0x20003ea4   Data         196  os_var.o(.bss)
    OSTmrTaskTCB                             0x20003f68   Data         196  os_var.o(.bss)
    ucRTUBuf                                 0x2000404c   Data         256  mbrtu.o(.bss)
    __initial_sp                             0x20004550   Data           0  startup_stm32f10x_hd.o(STACK)



==============================================================================

Memory Map of the image

  Image Entry point : 0x08000131

  Load Region LR_IROM1 (Base: 0x08000000, Size: 0x0000e5c4, Max: 0x00080000, ABSOLUTE, COMPRESSED[0x0000e3b4])

    Execution Region ER_IROM1 (Base: 0x08000000, Size: 0x0000e338, Max: 0x00080000, ABSOLUTE)

    Base Addr    Size         Type   Attr      Idx    E Section Name        Object

    0x08000000   0x00000130   Data   RO          693    RESET               startup_stm32f10x_hd.o
    0x08000130   0x00000000   Code   RO         1520  * .ARM.Collect$$$$00000000  mc_w.l(entry.o)
    0x08000130   0x00000004   Code   RO         1885    .ARM.Collect$$$$00000001  mc_w.l(entry2.o)
    0x08000134   0x00000004   Code   RO         1888    .ARM.Collect$$$$00000004  mc_w.l(entry5.o)
    0x08000138   0x00000000   Code   RO         1890    .ARM.Collect$$$$00000008  mc_w.l(entry7b.o)
    0x08000138   0x00000000   Code   RO         1892    .ARM.Collect$$$$0000000A  mc_w.l(entry8b.o)
    0x08000138   0x00000008   Code   RO         1893    .ARM.Collect$$$$0000000B  mc_w.l(entry9a.o)
    0x08000140   0x00000000   Code   RO         1895    .ARM.Collect$$$$0000000D  mc_w.l(entry10a.o)
    0x08000140   0x00000000   Code   RO         1897    .ARM.Collect$$$$0000000F  mc_w.l(entry11a.o)
    0x08000140   0x00000004   Code   RO         1886    .ARM.Collect$$$$00002712  mc_w.l(entry2.o)
    0x08000144   0x00000604   Code   RO            1    .text               main.o
    0x08000748   0x0000001c   Code   RO          227    .text               stm32f10x_it.o
    0x08000764   0x00000158   Code   RO          262    .text               system_stm32f10x.o
    0x080008bc   0x000000a8   Code   RO          280    .text               led.o
    0x08000964   0x00000228   Code   RO          292    .text               command.o
    0x08000b8c   0x00000084   Code   RO          325    .text               timer.o
    0x08000c10   0x00000070   Code   RO          341    .text               com_press.o
    0x08000c80   0x000001e4   Code   RO          363    .text               usart4.o
    0x08000e64   0x0000047e   Code   RO          384    .text               lyndir_no.o
    0x080012e2   0x00000002   PAD
    0x080012e4   0x000001f0   Code   RO          431    .text               adc.o
    0x080014d4   0x000002c8   Code   RO          450    .text               iic.o
    0x0800179c   0x000006c0   Code   RO          466    .text               mpl115a2.o
    0x08001e5c   0x00000038   Code   RO          485    .text               sm5852.o
    0x08001e94   0x00000614   Code   RO          507    .text               ntc.o
    0x080024a8   0x0000037c   Code   RO          532    .text               iicssc.o
    0x08002824   0x00000320   Code   RO          551    .text               kalmanoperation.o
    0x08002b44   0x00000154   Code   RO          584    .text               pid_ctrl.o
    0x08002c98   0x00000090   Code   RO          613    .text               pwm.o
    0x08002d28   0x00000118   Code   RO          625    .text               delay.o
    0x08002e40   0x000001ec   Code   RO          657    .text               usart.o
    0x0800302c   0x00000024   Code   RO          694    .text               startup_stm32f10x_hd.o
    0x08003050   0x000000b0   Code   RO          698    .text               misc.o
    0x08003100   0x00000264   Code   RO          710    .text               stm32f10x_gpio.o
    0x08003364   0x00000328   Code   RO          722    .text               stm32f10x_usart.o
    0x0800368c   0x000002b8   Code   RO          734    .text               stm32f10x_rcc.o
    0x08003944   0x00000af0   Code   RO          748    .text               stm32f10x_tim.o
    0x08004434   0x000001c8   Code   RO          761    .text               stm32f10x_dma.o
    0x080045fc   0x00000330   Code   RO          773    .text               stm32f10x_adc.o
    0x0800492c   0x00000068   Code   RO          785    .text               bsp.o
    0x08004994   0x000001bc   Code   RO          801    .text               cpu_core.o
    0x08004b50   0x00000034   Code   RO          841    .text               cpu_a.o
    0x08004b84   0x0000015a   Code   RO          844    .text               lib_ascii.o
    0x08004cde   0x00000002   PAD
    0x08004ce0   0x00000668   Code   RO          879    .text               lib_mem.o
    0x08005348   0x000005a8   Code   RO          898    .text               lib_str.o
    0x080058f0   0x00000220   Code   RO          916    .text               lib_mem_a.o
    0x08005b10   0x00000002   Code   RO          919    .text               os_cfg_app.o
    0x08005b12   0x00000002   PAD
    0x08005b14   0x00000adc   Code   RO          951    .text               os_core.o
    0x080065f0   0x00000002   Code   RO          964    .text               os_dbg.o
    0x080065f2   0x00000002   PAD
    0x080065f4   0x00000768   Code   RO          980    .text               os_flag.o
    0x08006d5c   0x00000328   Code   RO          993    .text               os_int.o
    0x08007084   0x00000174   Code   RO         1005    .text               os_mem.o
    0x080071f8   0x00000188   Code   RO         1017    .text               os_msg.o
    0x08007380   0x000006e4   Code   RO         1029    .text               os_mutex.o
    0x08007a64   0x00000070   Code   RO         1048    .text               os_prio.o
    0x08007ad4   0x00000610   Code   RO         1067    .text               os_q.o
    0x080080e4   0x00000554   Code   RO         1080    .text               os_sem.o
    0x08008638   0x00000400   Code   RO         1093    .text               os_stat.o
    0x08008a38   0x00000f2c   Code   RO         1105    .text               os_task.o
    0x08009964   0x00000350   Code   RO         1117    .text               os_tick.o
    0x08009cb4   0x00000310   Code   RO         1130    .text               os_time.o
    0x08009fc4   0x0000065c   Code   RO         1142    .text               os_tmr.o
    0x0800a620   0x00000188   Code   RO         1233    .text               os_cpu_c.o
    0x0800a7a8   0x00000224   Code   RO         1266    .text               mb.o
    0x0800a9cc   0x000002c8   Code   RO         1310    .text               mbascii.o
    0x0800ac94   0x00000120   Code   RO         1328    .text               mbfunccoils.o
    0x0800adb4   0x0000006e   Code   RO         1343    .text               mbfuncdisc.o
    0x0800ae22   0x0000016e   Code   RO         1355    .text               mbfuncholding.o
    0x0800af90   0x0000005e   Code   RO         1367    .text               mbfuncinput.o
    0x0800afee   0x00000002   PAD
    0x0800aff0   0x00000064   Code   RO         1379    .text               mbfuncother.o
    0x0800b054   0x0000006c   Code   RO         1394    .text               mbutils.o
    0x0800b0c0   0x0000002c   Code   RO         1406    .text               mbcrc.o
    0x0800b0ec   0x00000208   Code   RO         1423    .text               mbrtu.o
    0x0800b2f4   0x00000100   Code   RO         1448    .text               porttimer.o
    0x0800b3f4   0x00000184   Code   RO         1463    .text               portserial.o
    0x0800b578   0x00000034   Code   RO         1478    .text               portevent.o
    0x0800b5ac   0x00000062   Code   RO         1523    .text               mc_w.l(uldiv.o)
    0x0800b60e   0x00000002   PAD
    0x0800b610   0x00000008   Code   RO         1525    .text               mc_w.l(ctype_o.o)
    0x0800b618   0x00000012   Code   RO         1547    .text               mc_w.l(isspace_o.o)
    0x0800b62a   0x00000024   Code   RO         1555    .text               mc_w.l(memcpya.o)
    0x0800b64e   0x00000024   Code   RO         1557    .text               mc_w.l(memseta.o)
    0x0800b672   0x0000001c   Code   RO         1559    .text               mc_w.l(strcmp.o)
    0x0800b68e   0x0000001e   Code   RO         1561    .text               mc_w.l(strncmp.o)
    0x0800b6ac   0x00000038   Code   RO         1826    .text               mc_w.l(__0sscanf.o)
    0x0800b6e4   0x0000014c   Code   RO         1828    .text               mc_w.l(_scanf_int.o)
    0x0800b830   0x000000b0   Code   RO         1830    .text               mf_w.l(fadd.o)
    0x0800b8e0   0x00000064   Code   RO         1832    .text               mf_w.l(fmul.o)
    0x0800b944   0x0000007c   Code   RO         1834    .text               mf_w.l(fdiv.o)
    0x0800b9c0   0x00000018   Code   RO         1836    .text               mf_w.l(fscalb.o)
    0x0800b9d8   0x0000014e   Code   RO         1838    .text               mf_w.l(dadd.o)
    0x0800bb26   0x000000e4   Code   RO         1840    .text               mf_w.l(dmul.o)
    0x0800bc0a   0x000000de   Code   RO         1842    .text               mf_w.l(ddiv.o)
    0x0800bce8   0x0000002e   Code   RO         1844    .text               mf_w.l(dscalb.o)
    0x0800bd16   0x00000012   Code   RO         1846    .text               mf_w.l(fflti.o)
    0x0800bd28   0x0000000a   Code   RO         1848    .text               mf_w.l(ffltui.o)
    0x0800bd32   0x00000022   Code   RO         1850    .text               mf_w.l(dflti.o)
    0x0800bd54   0x0000001a   Code   RO         1852    .text               mf_w.l(dfltui.o)
    0x0800bd6e   0x00000032   Code   RO         1854    .text               mf_w.l(ffixi.o)
    0x0800bda0   0x00000032   Code   RO         1856    .text               mf_w.l(dfixui.o)
    0x0800bdd2   0x00000026   Code   RO         1858    .text               mf_w.l(f2d.o)
    0x0800bdf8   0x00000030   Code   RO         1860    .text               mf_w.l(cdrcmple.o)
    0x0800be28   0x00000038   Code   RO         1862    .text               mf_w.l(d2f.o)
    0x0800be60   0x00000014   Code   RO         1864    .text               mf_w.l(cfcmple.o)
    0x0800be74   0x0000002c   Code   RO         1899    .text               mc_w.l(uidiv.o)
    0x0800bea0   0x0000001e   Code   RO         1901    .text               mc_w.l(llshl.o)
    0x0800bebe   0x00000020   Code   RO         1903    .text               mc_w.l(llushr.o)
    0x0800bede   0x00000024   Code   RO         1905    .text               mc_w.l(llsshr.o)
    0x0800bf02   0x0000001c   Code   RO         1914    .text               mc_w.l(_chval.o)
    0x0800bf1e   0x00000002   PAD
    0x0800bf20   0x00000028   Code   RO         1916    .text               mc_w.l(scanf_char.o)
    0x0800bf48   0x00000040   Code   RO         1918    .text               mc_w.l(_sgetc.o)
    0x0800bf88   0x00000000   Code   RO         1920    .text               mc_w.l(iusefp.o)
    0x0800bf88   0x0000006e   Code   RO         1921    .text               mf_w.l(fepilogue.o)
    0x0800bff6   0x000000ba   Code   RO         1923    .text               mf_w.l(depilogue.o)
    0x0800c0b0   0x000000a2   Code   RO         1925    .text               mf_w.l(dsqrt.o)
    0x0800c152   0x00000030   Code   RO         1927    .text               mf_w.l(dfixul.o)
    0x0800c182   0x00000002   PAD
    0x0800c184   0x00000030   Code   RO         1929    .text               mf_w.l(cdcmple.o)
    0x0800c1b4   0x00000024   Code   RO         1931    .text               mc_w.l(init.o)
    0x0800c1d8   0x0000032c   Code   RO         1935    .text               mc_w.l(_scanf.o)
    0x0800c504   0x00000056   Code   RO         1948    .text               mc_w.l(__dczerorl2.o)
    0x0800c55a   0x00000002   PAD
    0x0800c55c   0x00000098   Code   RO         1230    CODE                os_cpu_a.o
    0x0800c5f4   0x00000020   Code   RO         1798    i.__0printf         mc_w.l(printfa.o)
    0x0800c614   0x00000028   Code   RO         1880    i.__ARM_fpclassify  m_ws.l(fpclassify.o)
    0x0800c63c   0x000000aa   Code   RO         1882    i.__kernel_poly     m_ws.l(poly.o)
    0x0800c6e6   0x00000002   PAD
    0x0800c6e8   0x00000010   Code   RO         1866    i.__mathlib_dbl_divzero  m_ws.l(dunder.o)
    0x0800c6f8   0x00000006   Code   RO         1867    i.__mathlib_dbl_infnan  m_ws.l(dunder.o)
    0x0800c6fe   0x00000004   Code   RO         1868    i.__mathlib_dbl_infnan2  m_ws.l(dunder.o)
    0x0800c702   0x0000000c   Code   RO         1869    i.__mathlib_dbl_invalid  m_ws.l(dunder.o)
    0x0800c70e   0x0000000e   Code   RO         1870    i.__mathlib_dbl_overflow  m_ws.l(dunder.o)
    0x0800c71c   0x00000010   Code   RO         1872    i.__mathlib_dbl_underflow  m_ws.l(dunder.o)
    0x0800c72c   0x0000000e   Code   RO         1942    i.__scatterload_copy  mc_w.l(handlers.o)
    0x0800c73a   0x00000002   Code   RO         1943    i.__scatterload_null  mc_w.l(handlers.o)
    0x0800c73c   0x0000000e   Code   RO         1944    i.__scatterload_zeroinit  mc_w.l(handlers.o)
    0x0800c74a   0x00000002   PAD
    0x0800c74c   0x0000000c   Code   RO         1909    i.__set_errno       mc_w.l(errno.o)
    0x0800c758   0x00000164   Code   RO         1805    i._fp_digits        mc_w.l(printfa.o)
    0x0800c8bc   0x000006dc   Code   RO         1806    i._printf_core      mc_w.l(printfa.o)
    0x0800cf98   0x00000024   Code   RO         1807    i._printf_post_padding  mc_w.l(printfa.o)
    0x0800cfbc   0x0000002e   Code   RO         1808    i._printf_pre_padding  mc_w.l(printfa.o)
    0x0800cfea   0x00000002   PAD
    0x0800cfec   0x0000035c   Code   RO         1493    i.log               m_ws.l(log.o)
    0x0800d348   0x000009d8   Code   RO         1503    i.pow               m_ws.l(pow.o)
    0x0800dd20   0x0000004c   Code   RO         1513    i.sqrt              m_ws.l(sqrt.o)
    0x0800dd6c   0x00000030   Data   RO          388    .constdata          lyndir_no.o
    0x0800dd9c   0x00000100   Data   RO          803    .constdata          cpu_core.o
    0x0800de9c   0x00000094   Data   RO          899    .constdata          lib_str.o
    0x0800df30   0x00000094   Data   RO          930    .constdata          os_cfg_app.o
    0x0800dfc4   0x00000200   Data   RO         1407    .constdata          mbcrc.o
    0x0800e1c4   0x00000004   PAD
    0x0800e1c8   0x00000038   Data   RO         1494    .constdata          m_ws.l(log.o)
    0x0800e200   0x00000088   Data   RO         1504    .constdata          m_ws.l(pow.o)
    0x0800e288   0x00000081   Data   RO         1526    .constdata          mc_w.l(ctype_o.o)
    0x0800e309   0x00000003   PAD
    0x0800e30c   0x00000004   Data   RO         1527    .constdata          mc_w.l(ctype_o.o)
    0x0800e310   0x00000008   Data   RO         1884    .constdata          m_ws.l(qnan.o)
    0x0800e318   0x00000020   Data   RO         1940    Region$$Table       anon$$obj.o


    Execution Region RW_IRAM1 (Base: 0x20000000, Size: 0x00004550, Max: 0x00010000, ABSOLUTE, COMPRESSED[0x0000007c])

    Base Addr    Size         Type   Attr      Idx    E Section Name        Object

    0x20000000   0x00000008   Data   RW            4    .data               main.o
    0x20000008   0x00000014   Data   RW          263    .data               system_stm32f10x.o
    0x2000001c   0x00000004   Data   RW          343    .data               com_press.o
    0x20000020   0x00000015   Data   RW          390    .data               lyndir_no.o
    0x20000035   0x00000003   PAD
    0x20000038   0x00000004   Data   RW          433    .data               adc.o
    0x2000003c   0x00000001   Data   RW          510    .data               ntc.o
    0x2000003d   0x00000003   PAD
    0x20000040   0x00000070   Data   RW          552    .data               kalmanoperation.o
    0x200000b0   0x0000000c   Data   RW          586    .data               pid_ctrl.o
    0x200000bc   0x00000001   Data   RW          589    .data               pid_ctrl.o
    0x200000bd   0x00000001   PAD
    0x200000be   0x00000004   Data   RW          626    .data               delay.o
    0x200000c2   0x00000002   PAD
    0x200000c4   0x00000004   Data   RW          659    .data               usart.o
    0x200000c8   0x00000014   Data   RW          735    .data               stm32f10x_rcc.o
    0x200000dc   0x00000004   Data   RW          805    .data               cpu_core.o
    0x200000e0   0x00000004   Data   RW          881    .data               lib_mem.o
    0x200000e4   0x00000008   Data   RW         1049    .data               os_prio.o
    0x200000ec   0x00000004   Data   RW         1161    .data               os_var.o
    0x200000f0   0x00000004   Data   RW         1162    .data               os_var.o
    0x200000f4   0x00000004   Data   RW         1163    .data               os_var.o
    0x200000f8   0x00000004   Data   RW         1164    .data               os_var.o
    0x200000fc   0x00000004   Data   RW         1165    .data               os_var.o
    0x20000100   0x00000004   Data   RW         1166    .data               os_var.o
    0x20000104   0x00000004   Data   RW         1167    .data               os_var.o
    0x20000108   0x00000004   Data   RW         1168    .data               os_var.o
    0x2000010c   0x00000001   Data   RW         1169    .data               os_var.o
    0x2000010d   0x00000001   Data   RW         1170    .data               os_var.o
    0x2000010e   0x00000002   PAD
    0x20000110   0x00000004   Data   RW         1171    .data               os_var.o
    0x20000114   0x00000004   Data   RW         1172    .data               os_var.o
    0x20000118   0x00000002   Data   RW         1173    .data               os_var.o
    0x2000011a   0x00000002   Data   RW         1174    .data               os_var.o
    0x2000011c   0x00000002   Data   RW         1175    .data               os_var.o
    0x2000011e   0x00000002   PAD
    0x20000120   0x00000004   Data   RW         1176    .data               os_var.o
    0x20000124   0x00000004   Data   RW         1177    .data               os_var.o
    0x20000128   0x00000002   Data   RW         1178    .data               os_var.o
    0x2000012a   0x00000002   PAD
    0x2000012c   0x00000004   Data   RW         1179    .data               os_var.o
    0x20000130   0x00000002   Data   RW         1180    .data               os_var.o
    0x20000132   0x00000002   PAD
    0x20000134   0x00000004   Data   RW         1181    .data               os_var.o
    0x20000138   0x00000002   Data   RW         1182    .data               os_var.o
    0x2000013a   0x00000001   Data   RW         1183    .data               os_var.o
    0x2000013b   0x00000001   Data   RW         1184    .data               os_var.o
    0x2000013c   0x00000001   Data   RW         1185    .data               os_var.o
    0x2000013d   0x00000003   PAD
    0x20000140   0x00000004   Data   RW         1186    .data               os_var.o
    0x20000144   0x00000002   Data   RW         1187    .data               os_var.o
    0x20000146   0x00000002   PAD
    0x20000148   0x00000004   Data   RW         1188    .data               os_var.o
    0x2000014c   0x00000004   Data   RW         1189    .data               os_var.o
    0x20000150   0x00000004   Data   RW         1190    .data               os_var.o
    0x20000154   0x00000001   Data   RW         1191    .data               os_var.o
    0x20000155   0x00000003   PAD
    0x20000158   0x00000004   Data   RW         1192    .data               os_var.o
    0x2000015c   0x00000001   Data   RW         1193    .data               os_var.o
    0x2000015d   0x00000003   PAD
    0x20000160   0x00000004   Data   RW         1194    .data               os_var.o
    0x20000164   0x00000002   Data   RW         1195    .data               os_var.o
    0x20000166   0x00000001   Data   RW         1196    .data               os_var.o
    0x20000167   0x00000001   PAD
    0x20000168   0x00000002   Data   RW         1197    .data               os_var.o
    0x2000016a   0x00000002   Data   RW         1198    .data               os_var.o
    0x2000016c   0x00000004   Data   RW         1199    .data               os_var.o
    0x20000170   0x00000004   Data   RW         1200    .data               os_var.o
    0x20000174   0x00000004   Data   RW         1201    .data               os_var.o
    0x20000178   0x00000001   Data   RW         1202    .data               os_var.o
    0x20000179   0x00000003   PAD
    0x2000017c   0x00000004   Data   RW         1203    .data               os_var.o
    0x20000180   0x00000004   Data   RW         1204    .data               os_var.o
    0x20000184   0x00000004   Data   RW         1205    .data               os_var.o
    0x20000188   0x00000002   Data   RW         1206    .data               os_var.o
    0x2000018a   0x00000001   Data   RW         1207    .data               os_var.o
    0x2000018b   0x00000001   PAD
    0x2000018c   0x00000004   Data   RW         1208    .data               os_var.o
    0x20000190   0x00000004   Data   RW         1209    .data               os_var.o
    0x20000194   0x00000004   Data   RW         1210    .data               os_var.o
    0x20000198   0x00000002   Data   RW         1211    .data               os_var.o
    0x2000019a   0x00000002   PAD
    0x2000019c   0x00000004   Data   RW         1212    .data               os_var.o
    0x200001a0   0x00000004   Data   RW         1213    .data               os_var.o
    0x200001a4   0x00000004   Data   RW         1214    .data               os_var.o
    0x200001a8   0x00000004   Data   RW         1215    .data               os_var.o
    0x200001ac   0x00000004   Data   RW         1216    .data               os_var.o
    0x200001b0   0x00000004   Data   RW         1217    .data               os_var.o
    0x200001b4   0x00000004   Data   RW         1234    .data               os_cpu_c.o
    0x200001b8   0x000000ac   Data   RW         1267    .data               mb.o
    0x20000264   0x00000010   Data   RW         1311    .data               mbascii.o
    0x20000274   0x00000002   Data   RW         1381    .data               mbfuncother.o
    0x20000276   0x00000002   PAD
    0x20000278   0x0000000c   Data   RW         1425    .data               mbrtu.o
    0x20000284   0x00000002   Data   RW         1479    .data               portevent.o
    0x20000286   0x00000002   PAD
    0x20000288   0x00000004   Data   RW         1910    .data               mc_w.l(errno.o)
    0x2000028c   0x00001ab4   Zero   RW            2    .bss                main.o
    0x20001d40   0x000000cb   Zero   RW          365    .bss                usart4.o
    0x20001e0b   0x0000008c   Zero   RW          385    .bss                lyndir_no.o
    0x20001e97   0x00000001   PAD
    0x20001e98   0x000000a2   Zero   RW          432    .bss                adc.o
    0x20001f3a   0x00000030   Zero   RW          467    .bss                mpl115a2.o
    0x20001f6a   0x0000000a   Zero   RW          486    .bss                sm5852.o
    0x20001f74   0x00000040   Zero   RW          508    .bss                ntc.o
    0x20001fb4   0x00000048   Zero   RW          585    .bss                pid_ctrl.o
    0x20001ffc   0x00000067   Zero   RW          658    .bss                usart.o
    0x20002063   0x00000010   Zero   RW          802    .bss                cpu_core.o
    0x20002073   0x00000001   PAD
    0x20002074   0x00000448   Zero   RW          880    .bss                lib_mem.o
    0x200024bc   0x00000200   Zero   RW          920    .bss                os_cfg_app.o
    0x200026bc   0x00000140   Zero   RW          921    .bss                os_cfg_app.o
    0x200027fc   0x00000200   Zero   RW          922    .bss                os_cfg_app.o
    0x200029fc   0x00000200   Zero   RW          923    .bss                os_cfg_app.o
    0x20002bfc   0x00000640   Zero   RW          924    .bss                os_cfg_app.o
    0x2000323c   0x00000200   Zero   RW          925    .bss                os_cfg_app.o
    0x2000343c   0x00000200   Zero   RW          926    .bss                os_cfg_app.o
    0x2000363c   0x00000088   Zero   RW          927    .bss                os_cfg_app.o
    0x200036c4   0x00000200   Zero   RW          928    .bss                os_cfg_app.o
    0x200038c4   0x00000088   Zero   RW          929    .bss                os_cfg_app.o
    0x2000394c   0x000000c4   Zero   RW         1154    .bss                os_var.o
    0x20003a10   0x000000c4   Zero   RW         1155    .bss                os_var.o
    0x20003ad4   0x0000000c   Zero   RW         1156    .bss                os_var.o
    0x20003ae0   0x00000300   Zero   RW         1157    .bss                os_var.o
    0x20003de0   0x000000c4   Zero   RW         1158    .bss                os_var.o
    0x20003ea4   0x000000c4   Zero   RW         1159    .bss                os_var.o
    0x20003f68   0x000000c4   Zero   RW         1160    .bss                os_var.o
    0x2000402c   0x00000020   Zero   RW         1380    .bss                mbfuncother.o
    0x2000404c   0x00000100   Zero   RW         1424    .bss                mbrtu.o
    0x2000414c   0x00000004   PAD
    0x20004150   0x00000400   Zero   RW          691    STACK               startup_stm32f10x_hd.o


==============================================================================

Image component sizes


      Code (inc. data)   RO Data    RW Data    ZI Data      Debug   Object Name

       496         24          0          4        162       2713   adc.o
       104         12          0          0          0       1813   bsp.o
       112         28          0          4          0       1755   com_press.o
       552        234          0          0          0       1312   command.o
        52          0          0          0          0        360   cpu_a.o
       444         12        256          4         16      14273   cpu_core.o
       280         28          0          4          0       2519   delay.o
       712         20          0          0          0       3840   iic.o
       892         24          0          0          0       4280   iicssc.o
       800         12          0        112          0       2891   kalmanoperation.o
       168         22          0          0          0        605   led.o
       346          0          0          0          0       4422   lib_ascii.o
      1640         26          0          4       1096      22432   lib_mem.o
       544          0          0          0          0        504   lib_mem_a.o
      1448          4        148          0          0      12604   lib_str.o
      1150        146         48         21        140       6972   lyndir_no.o
      1540        210          0          8       6836     321595   main.o
       548         60          0        172          0       6722   mb.o
       712         10          0         16          0       5145   mbascii.o
        44          6        512          0          0       1372   mbcrc.o
       288          0          0          0          0       3326   mbfunccoils.o
       110          0          0          0          0       1780   mbfuncdisc.o
       366          0          0          0          0       4493   mbfuncholding.o
        94          0          0          0          0       1759   mbfuncinput.o
       100         10          0          2         32       1989   mbfuncother.o
       520         12          0         12        256       4069   mbrtu.o
       108          0          0          0          0       2086   mbutils.o
       176         14          0          0          0       1985   misc.o
      1728         22          0          0         48       6023   mpl115a2.o
      1556        138          0          1         64       4084   ntc.o
         2          0        148          0       5264      20946   os_cfg_app.o
      2780        268          0          0          0      13387   os_core.o
       152         32          0          0          0        416   os_cpu_a.o
       392         64          0          4          0       3757   os_cpu_c.o
         2          0          0          0          0        486   os_dbg.o
      1896         80          0          0          0       8217   os_flag.o
       808        146          0          0          0       2684   os_int.o
       372         20          0          0          0       2664   os_mem.o
       392         14          0          0          0       3103   os_msg.o
      1764         92          0          0          0       6124   os_mutex.o
       112          6          0          8          0       1928   os_prio.o
      1552         66          0          0          0       6614   os_q.o
      1364         58          0          0          0       6594   os_sem.o
      1024        146          0          0          0       3057   os_stat.o
      3884        216          0          0          0      15506   os_task.o
       848         82          0          0          0       3739   os_tick.o
       784         42          0          0          0       3501   os_time.o
      1628        128          0          0          0       6814   os_tmr.o
         0          0          0        174       1760      19405   os_var.o
       340         36          0         13         72       2036   pid_ctrl.o
        52          6          0          2          0       1672   portevent.o
       388         16          0          0          0       2496   portserial.o
       256         14          0          0          0       1833   porttimer.o
       144         14          0          0          0        764   pwm.o
        56         16          0          0         10      20238   sm5852.o
        36          8        304          0       1024        808   startup_stm32f10x_hd.o
       816         24          0          0          0      11433   stm32f10x_adc.o
       456         10          0          0          0       4738   stm32f10x_dma.o
       612         36          0          0          0       6109   stm32f10x_gpio.o
        28          6          0          0          0       1059   stm32f10x_it.o
       696         32          0         20          0       9124   stm32f10x_rcc.o
      2800         84          0          0          0      24050   stm32f10x_tim.o
       808         22          0          0          0       8976   stm32f10x_usart.o
         0          0          0          0          0         32   sys.o
       344         34          0         20          0       1859   system_stm32f10x.o
       132          4          0          0          0        852   timer.o
       492         12          0          4        103       5215   usart.o
       484         16          0          0        203       3406   usart4.o

    ----------------------------------------------------------------------
     46336       2924       1452        648      17092     685365   Object Totals
         0          0         32          0          0          0   (incl. Generated)
        10          0          4         39          6          0   (incl. Padding)

    ----------------------------------------------------------------------

      Code (inc. data)   RO Data    RW Data    ZI Data      Debug   Library Member Name

        68         10          0          0          0        408   dunder.o
        40          0          0          0          0         68   fpclassify.o
       860         52         56          0          0        256   log.o
       170          0          0          0          0         96   poly.o
      2520        190        136          0          0        324   pow.o
         0          0          8          0          0          0   qnan.o
        76          0          0          0          0         84   sqrt.o
        56          8          0          0          0         84   __0sscanf.o
        86          0          0          0          0          0   __dczerorl2.o
        28          0          0          0          0         68   _chval.o
       812          4          0          0          0        112   _scanf.o
       332          0          0          0          0         96   _scanf_int.o
        64          0          0          0          0         84   _sgetc.o
         8          4        133          0          0         68   ctype_o.o
         0          0          0          0          0          0   entry.o
         0          0          0          0          0          0   entry10a.o
         0          0          0          0          0          0   entry11a.o
         8          4          0          0          0          0   entry2.o
         4          0          0          0          0          0   entry5.o
         0          0          0          0          0          0   entry7b.o
         0          0          0          0          0          0   entry8b.o
         8          4          0          0          0          0   entry9a.o
        12          6          0          4          0         68   errno.o
        30          0          0          0          0          0   handlers.o
        36          8          0          0          0         68   init.o
        18          0          0          0          0         76   isspace_o.o
         0          0          0          0          0          0   iusefp.o
        30          0          0          0          0         68   llshl.o
        36          0          0          0          0         68   llsshr.o
        32          0          0          0          0         68   llushr.o
        36          0          0          0          0         68   memcpya.o
        36          0          0          0          0        108   memseta.o
      2226         90          0          0          0        444   printfa.o
        40          8          0          0          0         84   scanf_char.o
        28          0          0          0          0         76   strcmp.o
        30          0          0          0          0         80   strncmp.o
        44          0          0          0          0         80   uidiv.o
        98          0          0          0          0         92   uldiv.o
        48          0          0          0          0         68   cdcmple.o
        48          0          0          0          0         68   cdrcmple.o
        20          0          0          0          0         68   cfcmple.o
        56          0          0          0          0         88   d2f.o
       334          0          0          0          0        148   dadd.o
       222          0          0          0          0        100   ddiv.o
       186          0          0          0          0        176   depilogue.o
        50          0          0          0          0         76   dfixui.o
        48          0          0          0          0         68   dfixul.o
        34          0          0          0          0         76   dflti.o
        26          0          0          0          0         76   dfltui.o
       228          0          0          0          0         96   dmul.o
        46          0          0          0          0         80   dscalb.o
       162          0          0          0          0        100   dsqrt.o
        38          0          0          0          0         68   f2d.o
       176          0          0          0          0        140   fadd.o
       124          0          0          0          0         88   fdiv.o
       110          0          0          0          0        168   fepilogue.o
        50          0          0          0          0         68   ffixi.o
        18          0          0          0          0         68   fflti.o
        10          0          0          0          0         68   ffltui.o
       100          0          0          0          0         76   fmul.o
        24          0          0          0          0         68   fscalb.o

    ----------------------------------------------------------------------
     10044        388        336          4          0       5296   Library Totals
        14          0          3          0          0          0   (incl. Padding)

    ----------------------------------------------------------------------

      Code (inc. data)   RO Data    RW Data    ZI Data      Debug   Library Name

      3734        252        200          0          0       1236   m_ws.l
      4138        136        133          4          0       1960   mc_w.l
      2158          0          0          0          0       2100   mf_w.l

    ----------------------------------------------------------------------
     10044        388        336          4          0       5296   Library Totals

    ----------------------------------------------------------------------

==============================================================================


      Code (inc. data)   RO Data    RW Data    ZI Data      Debug   

     56380       3312       1788        652      17092     680649   Grand Totals
     56380       3312       1788        124      17092     680649   ELF Image Totals (compressed)
     56380       3312       1788        124          0          0   ROM Totals

==============================================================================

    Total RO  Size (Code + RO Data)                58168 (  56.80kB)
    Total RW  Size (RW Data + ZI Data)             17744 (  17.33kB)
    Total ROM Size (Code + RO Data + RW Data)      58292 (  56.93kB)

==============================================================================

