Component: ARM Compiler 5.06 update 1 (build 61) Tool: armlink [4d35a8]

==============================================================================

Section Cross References

    main.o(.text) refers to processing.o(.text) for Record_Data_Task
    main.o(.text) refers to output.o(.text) for ReadValue_InputBuff
    main.o(.text) refers to os_time.o(.text) for OSTimeDlyHMSM
    main.o(.text) refers to calibration.o(.text) for Multi_points_Calibration
    main.o(.text) refers to mb.o(.text) for eMBPoll
    main.o(.text) refers to communication.o(.text) for communication
    main.o(.text) refers to command.o(.text) for checkout
    main.o(.text) refers to malloc.o(.text) for mymalloc
    main.o(.text) refers to printfa.o(i.__0sprintf) for __2sprintf
    main.o(.text) refers to os_q.o(.text) for OSQPost
    main.o(.text) refers to os_tmr.o(.text) for OSTmrStop
    main.o(.text) refers to cpu_core.o(.text) for CPU_Init
    main.o(.text) refers to os_stat.o(.text) for OSStatTaskCPUUsageInit
    main.o(.text) refers to os_core.o(.text) for OSSchedRoundRobinCfg
    main.o(.text) refers to cpu_a.o(.text) for CPU_SR_Save
    main.o(.text) refers to os_mutex.o(.text) for OSMutexCreate
    main.o(.text) refers to os_task.o(.text) for OSTaskCreate
    main.o(.text) refers to delay.o(.text) for delay_init
    main.o(.text) refers to misc.o(.text) for NVIC_PriorityGroupConfig
    main.o(.text) refers to usart.o(.text) for USART1_Config
    main.o(.text) refers to usart3.o(.text) for USART3_Config
    main.o(.text) refers to cmd_queue.o(.text) for queue_reset
    main.o(.text) refers to modbus_host.o(.text) for RS485_Initt
    main.o(.text) refers to iiceeprom.o(.text) for I2C_EE_Init
    main.o(.text) refers to led.o(.text) for LED_Init
    main.o(.text) refers to key.o(.text) for KEY_Init
    main.o(.text) refers to beep.o(.text) for BEEP_Init
    main.o(.text) refers to exfuns.o(.text) for exfuns_init
    main.o(.text) refers to printfa.o(i.__0printf) for __2printf
    main.o(.text) refers to mmc_sd.o(.text) for SD_Initialize
    main.o(.text) refers to ff.o(.text) for f_mount
    main.o(.text) refers to rtc.o(.text) for RTC_Init
    main.o(.text) refers to processing.o(.bss) for READSCRREN
    main.o(.text) refers to main.o(.data) for .data
    main.o(.text) refers to output.o(.data) for WFlag
    main.o(.text) refers to rtc.o(.data) for TImeMeasControl
    main.o(.text) refers to communication.o(.data) for switch_status
    main.o(.text) refers to main.o(.bss) for .bss
    main.o(.text) refers to os_var.o(.data) for OSSchedLockNestingCtr
    main.o(.text) refers to os_var.o(.data) for OSIntQNbrEntries
    main.o(.text) refers to exfuns.o(.data) for fs
    main.o(.text) refers to rtc.o(.bss) for calendar
    main.o(.text) refers to datawr.o(.text) for Event_Record
    main.o(.text) refers to mbutils.o(.text) for xMBUtilGetBits
    main.o(.text) refers to communication.o(.constdata) for endbuf
    system_stm32f10x.o(.text) refers to system_stm32f10x.o(.data) for .data
    kalmanoperation.o(.text) refers to fadd.o(.text) for __aeabi_fadd
    kalmanoperation.o(.text) refers to f2d.o(.text) for __aeabi_f2d
    kalmanoperation.o(.text) refers to sqrt.o(i.sqrt) for sqrt
    kalmanoperation.o(.text) refers to dmul.o(.text) for __aeabi_dmul
    kalmanoperation.o(.text) refers to d2f.o(.text) for __aeabi_d2f
    kalmanoperation.o(.text) refers to fdiv.o(.text) for __aeabi_fdiv
    kalmanoperation.o(.text) refers to cfrcmple.o(.text) for __aeabi_cfrcmple
    kalmanoperation.o(.text) refers to fmul.o(.text) for __aeabi_fmul
    kalmanoperation.o(.text) refers to kalmanoperation.o(.data) for .data
    led.o(.text) refers to stm32f10x_rcc.o(.text) for RCC_APB2PeriphClockCmd
    led.o(.text) refers to stm32f10x_gpio.o(.text) for GPIO_Init
    key.o(.text) refers to stm32f10x_rcc.o(.text) for RCC_APB2PeriphClockCmd
    key.o(.text) refers to stm32f10x_gpio.o(.text) for GPIO_Init
    key.o(.text) refers to delay.o(.text) for delay_ms
    key.o(.text) refers to key.o(.data) for .data
    beep.o(.text) refers to stm32f10x_rcc.o(.text) for RCC_APB2PeriphClockCmd
    beep.o(.text) refers to stm32f10x_gpio.o(.text) for GPIO_Init
    rtc.o(.text) refers to stm32f10x_rtc.o(.text) for RTC_GetCounter
    rtc.o(.text) refers to stm32f10x_rcc.o(.text) for RCC_APB1PeriphClockCmd
    rtc.o(.text) refers to stm32f10x_pwr.o(.text) for PWR_BackupAccessCmd
    rtc.o(.text) refers to stm32f10x_bkp.o(.text) for BKP_ReadBackupRegister
    rtc.o(.text) refers to delay.o(.text) for delay_ms
    rtc.o(.text) refers to misc.o(.text) for NVIC_Init
    rtc.o(.text) refers to fadd.o(.text) for __aeabi_fadd
    rtc.o(.text) refers to rtc.o(.constdata) for .constdata
    rtc.o(.text) refers to rtc.o(.data) for .data
    rtc.o(.text) refers to rtc.o(.bss) for .bss
    rtc.o(.text) refers to processing.o(.data) for RecorDataMin_Flag
    rtc.o(.text) refers to processing.o(.bss) for AVG
    command.o(.text) refers to dflti.o(.text) for __aeabi_i2d
[...]
    OS_SemInit                               0x0800e965   Thumb Code    14  os_sem.o(.text)
    OSStatReset                              0x0800e985   Thumb Code   150  os_stat.o(.text)
    OSStatTaskCPUUsageInit                   0x0800ea1b   Thumb Code   126  os_stat.o(.text)
    OS_StatTask                              0x0800ea99   Thumb Code   482  os_stat.o(.text)
    OS_StatTaskInit                          0x0800ec7b   Thumb Code   120  os_stat.o(.text)
    OSTaskChangePrio                         0x0800ed85   Thumb Code   240  os_task.o(.text)
    OS_TaskDbgListAdd                        0x0800ee75   Thumb Code    30  os_task.o(.text)
    OS_TaskInitTCB                           0x0800ee93   Thumb Code   180  os_task.o(.text)
    OSTaskCreate                             0x0800ef47   Thumb Code   400  os_task.o(.text)
    OS_TaskDbgListRemove                     0x0800f0d7   Thumb Code    50  os_task.o(.text)
    OSTaskDel                                0x0800f109   Thumb Code   310  os_task.o(.text)
    OSTaskQFlush                             0x0800f23f   Thumb Code   106  os_task.o(.text)
    OSTaskQPend                              0x0800f2a9   Thumb Code   328  os_task.o(.text)
    OSTaskQPendAbort                         0x0800f3f1   Thumb Code   140  os_task.o(.text)
    OS_TaskQPost                             0x0800f47d   Thumb Code   222  os_task.o(.text)
    OSTaskQPost                              0x0800f55b   Thumb Code    96  os_task.o(.text)
    OSTaskRegGet                             0x0800f5bb   Thumb Code    66  os_task.o(.text)
    OSTaskRegGetID                           0x0800f5fd   Thumb Code    42  os_task.o(.text)
    OSTaskRegSet                             0x0800f627   Thumb Code    40  os_task.o(.text)
    OS_TaskResume                            0x0800f64f   Thumb Code   184  os_task.o(.text)
    OSTaskResume                             0x0800f707   Thumb Code    78  os_task.o(.text)
    OSTaskSemPend                            0x0800f755   Thumb Code   300  os_task.o(.text)
    OSTaskSemPendAbort                       0x0800f881   Thumb Code   148  os_task.o(.text)
    OS_TaskSemPost                           0x0800f915   Thumb Code   284  os_task.o(.text)
    OSTaskSemPost                            0x0800fa31   Thumb Code    78  os_task.o(.text)
    OSTaskSemSet                             0x0800fa7f   Thumb Code    52  os_task.o(.text)
    OSTaskStkChk                             0x0800fab3   Thumb Code   136  os_task.o(.text)
    OS_TaskSuspend                           0x0800fb3b   Thumb Code   158  os_task.o(.text)
    OSTaskSuspend                            0x0800fbd9   Thumb Code    64  os_task.o(.text)
    OSTaskTimeQuantaSet                      0x0800fc19   Thumb Code    68  os_task.o(.text)
    OS_TaskInit                              0x0800fc5d   Thumb Code    18  os_task.o(.text)
    OS_TaskReturn                            0x0800fc6f   Thumb Code    20  os_task.o(.text)
    OS_TickListRemove                        0x0800fcb1   Thumb Code    54  os_tick.o(.text)
    OS_TickListUpdate                        0x0800fce7   Thumb Code   304  os_tick.o(.text)
    OS_TickTask                              0x0800fe17   Thumb Code    36  os_tick.o(.text)
    OS_TickListInit                          0x0800fe3b   Thumb Code    34  os_tick.o(.text)
    OS_TickTaskInit                          0x0800fe5d   Thumb Code   114  os_tick.o(.text)
    OS_TickListInsert                        0x0800fecf   Thumb Code   202  os_tick.o(.text)
    OS_TickListResetPeak                     0x0800ff99   Thumb Code    30  os_tick.o(.text)
    OSTimeDly                                0x08010001   Thumb Code   158  os_time.o(.text)
    OSTimeDlyHMSM                            0x0801009f   Thumb Code   308  os_time.o(.text)
    OSTimeDlyResume                          0x080101d3   Thumb Code   184  os_time.o(.text)
    OSTimeGet                                0x0801028b   Thumb Code    24  os_time.o(.text)
    OSTimeSet                                0x080102a3   Thumb Code    24  os_time.o(.text)
    OSTimeTick                               0x080102bb   Thumb Code    52  os_time.o(.text)
    OS_TmrDbgListAdd                         0x08010311   Thumb Code    22  os_tmr.o(.text)
    OSTmrCreate                              0x08010327   Thumb Code   168  os_tmr.o(.text)
    OS_TmrClr                                0x080103cf   Thumb Code    34  os_tmr.o(.text)
    OS_TmrUnlink                             0x080103f1   Thumb Code    68  os_tmr.o(.text)
    OS_TmrDbgListRemove                      0x08010435   Thumb Code    36  os_tmr.o(.text)
    OSTmrDel                                 0x08010459   Thumb Code   134  os_tmr.o(.text)
    OSTmrRemainGet                           0x080104df   Thumb Code   140  os_tmr.o(.text)
    OS_TmrLink                               0x0801056b   Thumb Code   140  os_tmr.o(.text)
    OSTmrStart                               0x080105f7   Thumb Code   122  os_tmr.o(.text)
    OSTmrStateGet                            0x08010671   Thumb Code    86  os_tmr.o(.text)
    OSTmrStop                                0x080106c7   Thumb Code   226  os_tmr.o(.text)
    OS_TmrTask                               0x080107a9   Thumb Code   164  os_tmr.o(.text)
    OS_TmrInit                               0x0801084d   Thumb Code   174  os_tmr.o(.text)
    OS_TmrResetPeak                          0x080108fb   Thumb Code    30  os_tmr.o(.text)
    OSIdleTaskHook                           0x0801096d   Thumb Code    12  os_cpu_c.o(.text)
    OSInitHook                               0x08010979   Thumb Code    22  os_cpu_c.o(.text)
    OSStatTaskHook                           0x0801098f   Thumb Code    12  os_cpu_c.o(.text)
    OSTaskCreateHook                         0x0801099b   Thumb Code    12  os_cpu_c.o(.text)
    OSTaskDelHook                            0x080109a7   Thumb Code    12  os_cpu_c.o(.text)
    OSTaskReturnHook                         0x080109b3   Thumb Code    12  os_cpu_c.o(.text)
    OSTaskStkInit                            0x080109bf   Thumb Code    96  os_cpu_c.o(.text)
    OSTaskSwHook                             0x08010a1f   Thumb Code    72  os_cpu_c.o(.text)
    OSTimeTickHook                           0x08010a67   Thumb Code    12  os_cpu_c.o(.text)
    OS_CPU_SysTickHandler                    0x08010a73   Thumb Code    30  os_cpu_c.o(.text)
    OS_CPU_SysTickInit                       0x08010a91   Thumb Code    36  os_cpu_c.o(.text)
    exfuns_init                              0x08010af5   Thumb Code   126  exfuns.o(.text)
    char_upper                               0x08010b73   Thumb Code    14  exfuns.o(.text)
    f_typetell                               0x08010b81   Thumb Code   140  exfuns.o(.text)
    exf_getfree                              0x08010c0d   Thumb Code    56  exfuns.o(.text)
    mf_mount                                 0x08010c55   Thumb Code    14  fattester.o(.text)
    mf_open                                  0x08010c63   Thumb Code    12  fattester.o(.text)
    mf_close                                 0x08010c6f   Thumb Code    14  fattester.o(.text)
    mf_read                                  0x08010c7d   Thumb Code   426  fattester.o(.text)
    mf_read1                                 0x08010e27   Thumb Code   496  fattester.o(.text)
    mf_write                                 0x08011017   Thumb Code   250  fattester.o(.text)
    mf_opendir                               0x08011111   Thumb Code     8  fattester.o(.text)
    mf_closedir                              0x08011119   Thumb Code     6  fattester.o(.text)
    mf_readdir                               0x0801111f   Thumb Code   164  fattester.o(.text)
    mf_scan_files                            0x080111c3   Thumb Code   164  fattester.o(.text)
    mf_showfree                              0x08011267   Thumb Code    64  fattester.o(.text)
    mf_lseek                                 0x080112a7   Thumb Code    10  fattester.o(.text)
    my_lseek                                 0x080112b1   Thumb Code    10  fattester.o(.text)
    mf_tell                                  0x080112bb   Thumb Code     8  fattester.o(.text)
    mf_size                                  0x080112c3   Thumb Code     8  fattester.o(.text)
    mf_mkdir                                 0x080112cb   Thumb Code     4  fattester.o(.text)
    mf_fmkfs                                 0x080112cf   Thumb Code     4  fattester.o(.text)
    mf_unlink                                0x080112d3   Thumb Code     4  fattester.o(.text)
    mf_rename                                0x080112d7   Thumb Code     4  fattester.o(.text)
    mf_getlabel                              0x080112db   Thumb Code    56  fattester.o(.text)
    mf_setlabel                              0x08011313   Thumb Code    28  fattester.o(.text)
    mf_gets                                  0x0801132f   Thumb Code    36  fattester.o(.text)
    mf_putc                                  0x08011353   Thumb Code    14  fattester.o(.text)
    mf_puts                                  0x08011361   Thumb Code    14  fattester.o(.text)
    disk_initialize                          0x08011589   Thumb Code    66  diskio.o(.text)
    disk_status                              0x080115cb   Thumb Code     4  diskio.o(.text)
    disk_read                                0x080115cf   Thumb Code    86  diskio.o(.text)
    disk_write                               0x08011625   Thumb Code    70  diskio.o(.text)
    disk_ioctl                               0x0801166b   Thumb Code    96  diskio.o(.text)
    get_fattime                              0x080116cb   Thumb Code     4  diskio.o(.text)
    ff_memalloc                              0x080116cf   Thumb Code     4  diskio.o(.text)
    ff_memfree                               0x080116d3   Thumb Code     4  diskio.o(.text)
    clust2sect                               0x08011813   Thumb Code    24  ff.o(.text)
    get_fat                                  0x0801182b   Thumb Code   180  ff.o(.text)
    put_fat                                  0x080118df   Thumb Code   248  ff.o(.text)
    f_mount                                  0x0801269d   Thumb Code    74  ff.o(.text)
    f_open                                   0x080126e7   Thumb Code   344  ff.o(.text)
    f_read                                   0x0801283f   Thumb Code   328  ff.o(.text)
    f_write                                  0x08012987   Thumb Code   398  ff.o(.text)
    f_sync                                   0x08012b15   Thumb Code   152  ff.o(.text)
    f_close                                  0x08012bad   Thumb Code    28  ff.o(.text)
    f_lseek                                  0x08012bc9   Thumb Code   510  ff.o(.text)
    f_opendir                                0x08012dc7   Thumb Code   128  ff.o(.text)
    f_closedir                               0x08012e47   Thumb Code    18  ff.o(.text)
    f_readdir                                0x08012e59   Thumb Code   116  ff.o(.text)
    f_stat                                   0x08012ecd   Thumb Code    86  ff.o(.text)
    f_getfree                                0x08012f23   Thumb Code   192  ff.o(.text)
    f_truncate                               0x08012fe3   Thumb Code   176  ff.o(.text)
    f_unlink                                 0x08013093   Thumb Code   190  ff.o(.text)
    f_mkdir                                  0x08013151   Thumb Code   384  ff.o(.text)
    f_chmod                                  0x080132d1   Thumb Code   106  ff.o(.text)
    f_utime                                  0x0801333b   Thumb Code   108  ff.o(.text)
    f_rename                                 0x080133a7   Thumb Code   292  ff.o(.text)
    f_getlabel                               0x080134cb   Thumb Code   142  ff.o(.text)
    f_setlabel                               0x08013559   Thumb Code   346  ff.o(.text)
    f_mkfs                                   0x080136b3   Thumb Code  1314  ff.o(.text)
    f_gets                                   0x08013bd5   Thumb Code    68  ff.o(.text)
    f_putc                                   0x08013c53   Thumb Code    60  ff.o(.text)
    f_puts                                   0x08013c8f   Thumb Code    70  ff.o(.text)
    f_printf                                 0x08013cd5   Thumb Code   510  ff.o(.text)
    ff_convert                               0x08013fc9   Thumb Code    68  cc936.o(.text)
    ff_wtoupper                              0x0801400d   Thumb Code    28  cc936.o(.text)
    usMBCRC16                                0x08014039   Thumb Code    38  mbcrc.o(.text)
    eMBASCIIInit                             0x08014065   Thumb Code    46  mbascii.o(.text)
    eMBASCIIStart                            0x08014093   Thumb Code    24  mbascii.o(.text)
    eMBASCIIStop                             0x080140ab   Thumb Code    18  mbascii.o(.text)
    eMBASCIIReceive                          0x080140bd   Thumb Code    68  mbascii.o(.text)
    eMBASCIISend                             0x08014101   Thumb Code    68  mbascii.o(.text)
    xMBASCIIReceiveFSM                       0x08014145   Thumb Code   222  mbascii.o(.text)
    xMBASCIITransmitFSM                      0x08014223   Thumb Code   168  mbascii.o(.text)
    xMBASCIITimerT1SExpired                  0x080142cb   Thumb Code    42  mbascii.o(.text)
    eMBRTUInit                               0x0801432d   Thumb Code    54  mbrtu.o(.text)
    eMBRTUStart                              0x08014363   Thumb Code    24  mbrtu.o(.text)
    eMBRTUStop                               0x0801437b   Thumb Code    18  mbrtu.o(.text)
    eMBRTUReceive                            0x0801438d   Thumb Code    70  mbrtu.o(.text)
    eMBRTUSend                               0x080143d3   Thumb Code   102  mbrtu.o(.text)
    xMBRTUReceiveFSM                         0x08014439   Thumb Code    96  mbrtu.o(.text)
    xMBRTUTransmitFSM                        0x08014499   Thumb Code    86  mbrtu.o(.text)
    xMBRTUTimerT35Expired                    0x080144ef   Thumb Code    58  mbrtu.o(.text)
    eMBFuncReadCoils                         0x08014535   Thumb Code   110  mbfunccoils.o(.text)
    eMBFuncWriteCoil                         0x080145a3   Thumb Code    82  mbfunccoils.o(.text)
    eMBFuncWriteMultipleCoils                0x080145f5   Thumb Code    96  mbfunccoils.o(.text)
    eMBFuncReadDiscreteInputs                0x08014655   Thumb Code   110  mbfuncdisc.o(.text)
    eMBFuncWriteHoldingRegister              0x080146c3   Thumb Code    46  mbfuncholding.o(.text)
    eMBFuncWriteMultipleHoldingRegister      0x080146f1   Thumb Code    74  mbfuncholding.o(.text)
    eMBFuncReadHoldingRegister               0x0801473b   Thumb Code    90  mbfuncholding.o(.text)
    eMBFuncReadWriteMultipleHoldingRegister  0x08014795   Thumb Code   156  mbfuncholding.o(.text)
    eMBFuncReadInputRegister                 0x08014831   Thumb Code    94  mbfuncinput.o(.text)
    eMBSetSlaveID                            0x08014891   Thumb Code    64  mbfuncother.o(.text)
    eMBFuncReportSlaveID                     0x080148d1   Thumb Code    26  mbfuncother.o(.text)
    xMBUtilSetBits                           0x080148f5   Thumb Code    50  mbutils.o(.text)
    xMBUtilGetBits                           0x08014927   Thumb Code    34  mbutils.o(.text)
    prveMBError2Exception                    0x08014949   Thumb Code    24  mbutils.o(.text)
    eMBInit                                  0x08014961   Thumb Code   140  mb.o(.text)
    eMBRegisterCB                            0x080149ed   Thumb Code    90  mb.o(.text)
    eMBClose                                 0x08014a47   Thumb Code    28  mb.o(.text)
    eMBEnable                                0x08014a63   Thumb Code    28  mb.o(.text)
    eMBDisable                               0x08014a7f   Thumb Code    28  mb.o(.text)
    eMBPoll                                  0x08014a9b   Thumb Code   174  mb.o(.text)
    xMBPortEventInit                         0x08014b85   Thumb Code    10  portevent.o(.text)
    xMBPortEventPost                         0x08014b8f   Thumb Code    12  portevent.o(.text)
    xMBPortEventGet                          0x08014b9b   Thumb Code    24  portevent.o(.text)
    vMBPortSerialEnable                      0x08014bb9   Thumb Code    94  portserial.o(.text)
    xMBPortSerialInit                        0x08014c17   Thumb Code   180  portserial.o(.text)
    xMBPortSerialPutByte                     0x08014ccb   Thumb Code    14  portserial.o(.text)
    xMBPortSerialGetByte                     0x08014cd9   Thumb Code    16  portserial.o(.text)
    USART2_IRQHandler                        0x08014ce9   Thumb Code    70  portserial.o(.text)
    xMBPortTimersInit                        0x08014d41   Thumb Code   122  porttimer.o(.text)
    vMBPortTimersEnable                      0x08014dbb   Thumb Code    42  porttimer.o(.text)
    vMBPortTimersDisable                     0x08014de5   Thumb Code    42  porttimer.o(.text)
    TIM4_IRQHandler                          0x08014e0f   Thumb Code    36  porttimer.o(.text)
    __aeabi_uldivmod                         0x08014e41   Thumb Code    98  uldiv.o(.text)
    __rt_ctype_table                         0x08014ea5   Thumb Code     4  ctype_o.o(.text)
    isspace                                  0x08014ead   Thumb Code    18  isspace_o.o(.text)
    toupper                                  0x08014ebf   Thumb Code    12  toupper.o(.text)
    __aeabi_memcpy                           0x08014ecb   Thumb Code    36  memcpya.o(.text)
    __aeabi_memcpy4                          0x08014ecb   Thumb Code     0  memcpya.o(.text)
    __aeabi_memcpy8                          0x08014ecb   Thumb Code     0  memcpya.o(.text)
    __aeabi_memset                           0x08014eef   Thumb Code    14  memseta.o(.text)
    __aeabi_memset4                          0x08014eef   Thumb Code     0  memseta.o(.text)
    __aeabi_memset8                          0x08014eef   Thumb Code     0  memseta.o(.text)
    __aeabi_memclr                           0x08014efd   Thumb Code     4  memseta.o(.text)
    __aeabi_memclr4                          0x08014efd   Thumb Code     0  memseta.o(.text)
    __aeabi_memclr8                          0x08014efd   Thumb Code     0  memseta.o(.text)
    _memset$wrapper                          0x08014f01   Thumb Code    18  memseta.o(.text)
    strcat                                   0x08014f13   Thumb Code    24  strcat.o(.text)
    strlen                                   0x08014f2b   Thumb Code    14  strlen.o(.text)
    strcmp                                   0x08014f39   Thumb Code    28  strcmp.o(.text)
    strcpy                                   0x08014f55   Thumb Code    18  strcpy.o(.text)
    __0sscanf                                0x08014f69   Thumb Code    48  __0sscanf.o(.text)
    _scanf_int                               0x08014fa1   Thumb Code   332  _scanf_int.o(.text)
    _scanf_real                              0x080151ed   Thumb Code     0  scanf_fp.o(.text)
    _scanf_really_real                       0x080151ed   Thumb Code   556  scanf_fp.o(.text)
    __aeabi_fadd                             0x08015425   Thumb Code   164  fadd.o(.text)
    __aeabi_fsub                             0x080154c9   Thumb Code     6  fadd.o(.text)
    __aeabi_frsub                            0x080154cf   Thumb Code     6  fadd.o(.text)
    __aeabi_fmul                             0x080154d5   Thumb Code   100  fmul.o(.text)
    __aeabi_fdiv                             0x08015539   Thumb Code   124  fdiv.o(.text)
    __ARM_scalbnf                            0x080155b5   Thumb Code    24  fscalb.o(.text)
    scalbnf                                  0x080155b5   Thumb Code     0  fscalb.o(.text)
    __aeabi_dadd                             0x080155cd   Thumb Code   322  dadd.o(.text)
    __aeabi_dsub                             0x0801570f   Thumb Code     6  dadd.o(.text)
    __aeabi_drsub                            0x08015715   Thumb Code     6  dadd.o(.text)
    __aeabi_dmul                             0x0801571b   Thumb Code   228  dmul.o(.text)
    __aeabi_ddiv                             0x080157ff   Thumb Code   222  ddiv.o(.text)
    __aeabi_i2f                              0x080158dd   Thumb Code    18  fflti.o(.text)
    __aeabi_ui2f                             0x080158ef   Thumb Code    10  ffltui.o(.text)
    __aeabi_i2d                              0x080158f9   Thumb Code    34  dflti.o(.text)
    __aeabi_ui2d                             0x0801591b   Thumb Code    26  dfltui.o(.text)
    __aeabi_f2iz                             0x08015935   Thumb Code    50  ffixi.o(.text)
    __aeabi_f2uiz                            0x08015967   Thumb Code    40  ffixui.o(.text)
    __aeabi_d2uiz                            0x0801598f   Thumb Code    50  dfixui.o(.text)
    __aeabi_f2d                              0x080159c1   Thumb Code    38  f2d.o(.text)
    __aeabi_d2f                              0x080159e7   Thumb Code    56  d2f.o(.text)
    __aeabi_cfcmpeq                          0x08015a21   Thumb Code     0  cfcmple.o(.text)
    __aeabi_cfcmple                          0x08015a21   Thumb Code    20  cfcmple.o(.text)
    __aeabi_cfrcmple                         0x08015a35   Thumb Code    20  cfrcmple.o(.text)
    __aeabi_uidiv                            0x08015a49   Thumb Code     0  uidiv.o(.text)
    __aeabi_uidivmod                         0x08015a49   Thumb Code    44  uidiv.o(.text)
    __aeabi_llsl                             0x08015a75   Thumb Code    30  llshl.o(.text)
    _ll_shift_l                              0x08015a75   Thumb Code     0  llshl.o(.text)
    __aeabi_llsr                             0x08015a93   Thumb Code    32  llushr.o(.text)
    _ll_ushift_r                             0x08015a93   Thumb Code     0  llushr.o(.text)
    __aeabi_lasr                             0x08015ab3   Thumb Code    36  llsshr.o(.text)
    _ll_sshift_r                             0x08015ab3   Thumb Code     0  llsshr.o(.text)
    _chval                                   0x08015ad7   Thumb Code    28  _chval.o(.text)
    __vfscanf_char                           0x08015b01   Thumb Code    20  scanf_char.o(.text)
    _sgetc                                   0x08015b1d   Thumb Code    30  _sgetc.o(.text)
    _sbackspace                              0x08015b3b   Thumb Code    34  _sgetc.o(.text)
    __I$use$fp                               0x08015b5d   Thumb Code     0  iusefp.o(.text)
    _float_round                             0x08015b5d   Thumb Code    18  fepilogue.o(.text)
    _float_epilogue                          0x08015b6f   Thumb Code    92  fepilogue.o(.text)
    _double_round                            0x08015bcb   Thumb Code    30  depilogue.o(.text)
    _double_epilogue                         0x08015be9   Thumb Code   156  depilogue.o(.text)
    __ARM_scalbn                             0x08015c85   Thumb Code    46  dscalb.o(.text)
    scalbn                                   0x08015c85   Thumb Code     0  dscalb.o(.text)
    _dsqrt                                   0x08015cb3   Thumb Code   162  dsqrt.o(.text)
    __aeabi_ul2d                             0x08015d55   Thumb Code    24  dfltul.o(.text)
    __aeabi_d2ulz                            0x08015d6d   Thumb Code    48  dfixul.o(.text)
    __aeabi_cdrcmple                         0x08015d9d   Thumb Code    48  cdrcmple.o(.text)
    __scatterload                            0x08015dcd   Thumb Code    28  init.o(.text)
    __scatterload_rt2                        0x08015dcd   Thumb Code     0  init.o(.text)
    __vfscanf                                0x08015df1   Thumb Code   808  _scanf.o(.text)
    __decompress                             0x0801611d   Thumb Code     0  __dczerorl2.o(.text)
    __decompress1                            0x0801611d   Thumb Code    86  __dczerorl2.o(.text)
    OSStartHighRdy                           0x08016175   Thumb Code     0  os_cpu_a.o(CODE)
    OSCtxSw                                  0x08016197   Thumb Code     0  os_cpu_a.o(CODE)
    OSIntCtxSw                               0x080161a1   Thumb Code     0  os_cpu_a.o(CODE)
    PendSV_Handler                           0x080161ab   Thumb Code     0  os_cpu_a.o(CODE)
    __0printf                                0x0801620d   Thumb Code    22  printfa.o(i.__0printf)
    __1printf                                0x0801620d   Thumb Code     0  printfa.o(i.__0printf)
    __2printf                                0x0801620d   Thumb Code     0  printfa.o(i.__0printf)
    __c89printf                              0x0801620d   Thumb Code     0  printfa.o(i.__0printf)
    printf                                   0x0801620d   Thumb Code     0  printfa.o(i.__0printf)
    __0sprintf                               0x0801622d   Thumb Code    34  printfa.o(i.__0sprintf)
    __1sprintf                               0x0801622d   Thumb Code     0  printfa.o(i.__0sprintf)
    __2sprintf                               0x0801622d   Thumb Code     0  printfa.o(i.__0sprintf)
    __c89sprintf                             0x0801622d   Thumb Code     0  printfa.o(i.__0sprintf)
    sprintf                                  0x0801622d   Thumb Code     0  printfa.o(i.__0sprintf)
    __ARM_fpclassify                         0x08016255   Thumb Code    40  fpclassify.o(i.__ARM_fpclassify)
    __kernel_poly                            0x0801627d   Thumb Code   170  poly.o(i.__kernel_poly)
    __mathlib_dbl_divzero                    0x08016329   Thumb Code    12  dunder.o(i.__mathlib_dbl_divzero)
    __mathlib_dbl_infnan2                    0x08016339   Thumb Code     4  dunder.o(i.__mathlib_dbl_infnan2)
    __mathlib_dbl_invalid                    0x0801633d   Thumb Code    12  dunder.o(i.__mathlib_dbl_invalid)
    __mathlib_dbl_overflow                   0x08016349   Thumb Code    14  dunder.o(i.__mathlib_dbl_overflow)
    __mathlib_dbl_underflow                  0x08016359   Thumb Code    10  dunder.o(i.__mathlib_dbl_underflow)
    __scatterload_copy                       0x08016369   Thumb Code    14  handlers.o(i.__scatterload_copy)
    __scatterload_null                       0x08016377   Thumb Code     2  handlers.o(i.__scatterload_null)
    __scatterload_zeroinit                   0x08016379   Thumb Code    14  handlers.o(i.__scatterload_zeroinit)
    __set_errno                              0x08016389   Thumb Code     6  errno.o(i.__set_errno)
    _is_digit                                0x080164f9   Thumb Code    14  scanf_fp.o(i._is_digit)
    pow                                      0x08016c41   Thumb Code  2512  pow.o(i.pow)
    sqrt                                     0x08017619   Thumb Code    76  sqrt.o(i.sqrt)
    table_week                               0x08017664   Data          12  rtc.o(.constdata)
    mon_table                                0x08017670   Data          12  rtc.o(.constdata)
    endbuf                                   0x0801767c   Data           4  communication.o(.constdata)
    string                                   0x08017680   Data          12  processing.o(.constdata)
    PMTDriveVal_TX_BUF                       0x0801768c   Data           8  processing.o(.constdata)
    Total_Parameter                          0x08017694   Data           8  processing.o(.constdata)
    OSCfg_StatTaskPrio                       0x08017830   Data           1  os_cfg_app.o(.constdata)
    OSCfg_TickTaskPrio                       0x08017831   Data           1  os_cfg_app.o(.constdata)
    OSCfg_TmrTaskPrio                        0x08017832   Data           1  os_cfg_app.o(.constdata)
    OSCfg_IntQSize                           0x08017834   Data           2  os_cfg_app.o(.constdata)
    OSCfg_MsgPoolSize                        0x08017836   Data           2  os_cfg_app.o(.constdata)
    OSCfg_TickWheelSize                      0x08017838   Data           2  os_cfg_app.o(.constdata)
    OSCfg_TmrWheelSize                       0x0801783a   Data           2  os_cfg_app.o(.constdata)
    OSCfg_IdleTaskStkBasePtr                 0x0801783c   Data           4  os_cfg_app.o(.constdata)
    OSCfg_IdleTaskStkLimit                   0x08017840   Data           4  os_cfg_app.o(.constdata)
    OSCfg_IdleTaskStkSize                    0x08017844   Data           4  os_cfg_app.o(.constdata)
    OSCfg_IdleTaskStkSizeRAM                 0x08017848   Data           4  os_cfg_app.o(.constdata)
    OSCfg_IntQBasePtr                        0x0801784c   Data           4  os_cfg_app.o(.constdata)
    OSCfg_IntQSizeRAM                        0x08017850   Data           4  os_cfg_app.o(.constdata)
    OSCfg_IntQTaskStkBasePtr                 0x08017854   Data           4  os_cfg_app.o(.constdata)
    OSCfg_IntQTaskStkLimit                   0x08017858   Data           4  os_cfg_app.o(.constdata)
    OSCfg_IntQTaskStkSize                    0x0801785c   Data           4  os_cfg_app.o(.constdata)
    OSCfg_IntQTaskStkSizeRAM                 0x08017860   Data           4  os_cfg_app.o(.constdata)
    OSCfg_ISRStkBasePtr                      0x08017864   Data           4  os_cfg_app.o(.constdata)
    OSCfg_ISRStkSize                         0x08017868   Data           4  os_cfg_app.o(.constdata)
    OSCfg_ISRStkSizeRAM                      0x0801786c   Data           4  os_cfg_app.o(.constdata)
    OSCfg_MsgPoolSizeRAM                     0x08017870   Data           4  os_cfg_app.o(.constdata)
    OSCfg_MsgPoolBasePtr                     0x08017874   Data           4  os_cfg_app.o(.constdata)
    OSCfg_StatTaskRate_Hz                    0x08017878   Data           4  os_cfg_app.o(.constdata)
    OSCfg_StatTaskStkBasePtr                 0x0801787c   Data           4  os_cfg_app.o(.constdata)
    OSCfg_StatTaskStkLimit                   0x08017880   Data           4  os_cfg_app.o(.constdata)
    OSCfg_StatTaskStkSize                    0x08017884   Data           4  os_cfg_app.o(.constdata)
    OSCfg_StatTaskStkSizeRAM                 0x08017888   Data           4  os_cfg_app.o(.constdata)
    OSCfg_StkSizeMin                         0x0801788c   Data           4  os_cfg_app.o(.constdata)
    OSCfg_TickRate_Hz                        0x08017890   Data           4  os_cfg_app.o(.constdata)
    OSCfg_TickTaskStkBasePtr                 0x08017894   Data           4  os_cfg_app.o(.constdata)
    OSCfg_TickTaskStkLimit                   0x08017898   Data           4  os_cfg_app.o(.constdata)
    OSCfg_TickTaskStkSize                    0x0801789c   Data           4  os_cfg_app.o(.constdata)
    OSCfg_TickTaskStkSizeRAM                 0x080178a0   Data           4  os_cfg_app.o(.constdata)
    OSCfg_TickWheelSizeRAM                   0x080178a4   Data           4  os_cfg_app.o(.constdata)
    OSCfg_TmrTaskRate_Hz                     0x080178a8   Data           4  os_cfg_app.o(.constdata)
    OSCfg_TmrTaskStkBasePtr                  0x080178ac   Data           4  os_cfg_app.o(.constdata)
    OSCfg_TmrTaskStkLimit                    0x080178b0   Data           4  os_cfg_app.o(.constdata)
    OSCfg_TmrTaskStkSize                     0x080178b4   Data           4  os_cfg_app.o(.constdata)
    OSCfg_TmrTaskStkSizeRAM                  0x080178b8   Data           4  os_cfg_app.o(.constdata)
    OSCfg_TmrWheelSizeRAM                    0x080178bc   Data           4  os_cfg_app.o(.constdata)
    OSCfg_DataSizeRAM                        0x080178c0   Data           4  os_cfg_app.o(.constdata)
    __ctype_table                            0x08042850   Data         129  ctype_o.o(.constdata)
    __mathlib_zero                           0x080428d8   Data           8  qnan.o(.constdata)
    Region$$Table$$Base                      0x08042994   Number         0  anon$$obj.o(Region$$Table)
    Region$$Table$$Limit                     0x080429b4   Number         0  anon$$obj.o(Region$$Table)
    tmr1sta                                  0x20000000   Data           1  main.o(.data)
    usRegHoldingBuf_flag                     0x20000002   Data           1  main.o(.data)
    usRegHoldingBuf_Writeflag                0x20000003   Data           1  main.o(.data)
    Migrate                                  0x20000004   Data           1  main.o(.data)
    Migrate2                                 0x20000005   Data           1  main.o(.data)
    usRegInputStart                          0x20000006   Data           2  main.o(.data)
    usRegHoldingStart                        0x20000008   Data           2  main.o(.data)
    ucRegCoilsBuf                            0x2000000a   Data           2  main.o(.data)
    ucRegDiscreteBuf                         0x2000000c   Data           2  main.o(.data)
    ii                                       0x20000010   Data           4  main.o(.data)
    jj                                       0x20000014   Data           4  main.o(.data)
    usRegInputBuf                            0x20000018   Data         200  main.o(.data)
    usRegHoldingBuf                          0x200000e0   Data         200  main.o(.data)
    SystemCoreClock                          0x200001a8   Data           4  system_stm32f10x.o(.data)
    AHBPrescTable                            0x200001ac   Data          16  system_stm32f10x.o(.data)
    j                                        0x200001bc   Data           1  kalmanoperation.o(.data)
    gammam                                   0x200001c0   Data           4  kalmanoperation.o(.data)
    Q                                        0x200001c4   Data           4  kalmanoperation.o(.data)
    I_celiang                                0x200001c8   Data           4  kalmanoperation.o(.data)
    X_k                                      0x200001cc   Data           4  kalmanoperation.o(.data)
    _X_k                                     0x200001d0   Data           4  kalmanoperation.o(.data)
    P_k                                      0x200001d4   Data           4  kalmanoperation.o(.data)
    _P_k                                     0x200001d8   Data           4  kalmanoperation.o(.data)
    Kg                                       0x200001dc   Data           4  kalmanoperation.o(.data)
    R                                        0x200001e0   Data           4  kalmanoperation.o(.data)
    A                                        0x200001e4   Data           4  kalmanoperation.o(.data)
    TimeMeas_Rocord                          0x200001ec   Data           2  rtc.o(.data)
    TimeMeasCount                            0x200001f0   Data           4  rtc.o(.data)
    TImeMeasControl                          0x200001f4   Data           4  rtc.o(.data)
    aaa                                      0x200001f8   Data           4  rtc.o(.data)
    SD_Type                                  0x200001fc   Data           1  mmc_sd.o(.data)
    SPI_FLASH_TYPE                           0x200001fe   Data           2  flash.o(.data)
    Menu_Item                                0x20000200   Data           1  communication.o(.data)
    switch_status                            0x20000201   Data           1  communication.o(.data)
    a                                        0x20000204   Data           4  communication.o(.data)
    Test_Catagry                             0x2000020c   Data           4  communication.o(.data)
    RS485_FrameFlag                          0x20000228   Data           1  modbus_host.o(.data)
    StopFlg                                  0x2000022c   Data           1  processing.o(.data)
    categroy_change                          0x2000022d   Data           1  processing.o(.data)
    RecorDataMin_Flag                        0x2000022e   Data           1  processing.o(.data)
    RecorDataHour_Flag                       0x2000022f   Data           1  processing.o(.data)
    RecorData5Min_Flag                       0x20000230   Data           1  processing.o(.data)
    RecorDataday_Flag                        0x20000238   Data           2  processing.o(.data)
    SO2ConCenTration                         0x2000023c   Data           4  processing.o(.data)
    SO2ConCenTration_AfterCal                0x20000240   Data           4  processing.o(.data)
    SO2ConCenTration_AfterCal_W              0x20000244   Data           4  processing.o(.data)
    DCPMESampVL                              0x20000248   Data           4  processing.o(.data)
    REFVOL_PD                                0x2000024c   Data           4  processing.o(.data)
    REFVOL_PMT                               0x20000250   Data           4  processing.o(.data)
    GASFLOW                                  0x20000254   Data           4  processing.o(.data)
    SampGasP                                 0x20000258   Data           4  processing.o(.data)
    CaseGasPRESSURE                          0x2000025c   Data           4  processing.o(.data)
    CaseTEM                                  0x20000260   Data           4  processing.o(.data)
    CRAteTEM                                 0x20000264   Data           4  processing.o(.data)
    TECTEM                                   0x20000268   Data           4  processing.o(.data)
    FiveMin_AVG                              0x2000026c   Data           4  processing.o(.data)
    FiveMin_AVG_dis                          0x20000270   Data           4  processing.o(.data)
    PMT_DriValage                            0x20000274   Data           4  processing.o(.data)
    Change_Lamp_Val                          0x20000278   Data           4  processing.o(.data)
    GETDATA                                  0x2000027c   Data           4  processing.o(.data)
    reqErrCnt                                0x20000280   Data           8  processing.o(.data)
    CreatFileFlag                            0x20000288   Data           1  datawr.o(.data)
    Pname                                    0x2000028c   Data           4  datawr.o(.data)
    RevNameS_D                               0x20000290   Data           4  datawr.o(.data)
    RevNameE_D                               0x20000294   Data           4  datawr.o(.data)
    RevNameS3_D                              0x20000298   Data           4  datawr.o(.data)
    RevNameE3_D                              0x2000029c   Data           4  datawr.o(.data)
    WFlag                                    0x200002a0   Data           2  output.o(.data)
    Startup                                  0x200002ac   Data           1  calibration.o(.data)
    Count_Input                              0x200002ad   Data           1  calibration.o(.data)
    mallco_dev                               0x200002d0   Data          20  malloc.o(.data)
    CPU_TS_TmrFreq_Hz                        0x200002e4   Data           4  cpu_core.o(.data)
    Mem_PoolTbl                              0x200002e8   Data           4  lib_mem.o(.data)
    OSPrioTbl                                0x200002ec   Data           8  os_prio.o(.data)
    OS_AppTaskCreateHookPtr                  0x200002f4   Data           4  os_var.o(.data)
    OS_AppTaskDelHookPtr                     0x200002f8   Data           4  os_var.o(.data)
    OS_AppTaskReturnHookPtr                  0x200002fc   Data           4  os_var.o(.data)
    OS_AppIdleTaskHookPtr                    0x20000300   Data           4  os_var.o(.data)
    OS_AppStatTaskHookPtr                    0x20000304   Data           4  os_var.o(.data)
    OS_AppTaskSwHookPtr                      0x20000308   Data           4  os_var.o(.data)
    OS_AppTimeTickHookPtr                    0x2000030c   Data           4  os_var.o(.data)
    OSIdleTaskCtr                            0x20000310   Data           4  os_var.o(.data)
    OSIntNestingCtr                          0x20000314   Data           1  os_var.o(.data)
    OSRunning                                0x20000315   Data           1  os_var.o(.data)
    OSIntQInPtr                              0x20000318   Data           4  os_var.o(.data)
    OSIntQOutPtr                             0x2000031c   Data           4  os_var.o(.data)
    OSIntQNbrEntries                         0x20000320   Data           2  os_var.o(.data)
    OSIntQNbrEntriesMax                      0x20000322   Data           2  os_var.o(.data)
    OSIntQOvfCtr                             0x20000324   Data           2  os_var.o(.data)
    OSIntQTaskTimeMax                        0x20000328   Data           4  os_var.o(.data)
    OSFlagDbgListPtr                         0x2000032c   Data           4  os_var.o(.data)
    OSFlagQty                                0x20000330   Data           2  os_var.o(.data)
    OSMemDbgListPtr                          0x20000334   Data           4  os_var.o(.data)
    OSMemQty                                 0x20000338   Data           2  os_var.o(.data)
    OSMutexDbgListPtr                        0x2000033c   Data           4  os_var.o(.data)
    OSMutexQty                               0x20000340   Data           2  os_var.o(.data)
    OSPrioCur                                0x20000342   Data           1  os_var.o(.data)
    OSPrioHighRdy                            0x20000343   Data           1  os_var.o(.data)
    OSPrioSaved                              0x20000344   Data           1  os_var.o(.data)
    OSQDbgListPtr                            0x20000348   Data           4  os_var.o(.data)
    OSQQty                                   0x2000034c   Data           2  os_var.o(.data)
    OSSchedLockTimeBegin                     0x20000350   Data           4  os_var.o(.data)
    OSSchedLockTimeMax                       0x20000354   Data           4  os_var.o(.data)
    OSSchedLockTimeMaxCur                    0x20000358   Data           4  os_var.o(.data)
    OSSchedLockNestingCtr                    0x2000035c   Data           1  os_var.o(.data)
    OSSchedRoundRobinDfltTimeQuanta          0x20000360   Data           4  os_var.o(.data)
    OSSchedRoundRobinEn                      0x20000364   Data           1  os_var.o(.data)
    OSSemDbgListPtr                          0x20000368   Data           4  os_var.o(.data)
    OSSemQty                                 0x2000036c   Data           2  os_var.o(.data)
    OSStatResetFlag                          0x2000036e   Data           1  os_var.o(.data)
    OSStatTaskCPUUsage                       0x20000370   Data           2  os_var.o(.data)
    OSStatTaskCPUUsageMax                    0x20000372   Data           2  os_var.o(.data)
    OSStatTaskCtr                            0x20000374   Data           4  os_var.o(.data)
    OSStatTaskCtrMax                         0x20000378   Data           4  os_var.o(.data)
    OSStatTaskCtrRun                         0x2000037c   Data           4  os_var.o(.data)
    OSStatTaskRdy                            0x20000380   Data           1  os_var.o(.data)
    OSStatTaskTimeMax                        0x20000384   Data           4  os_var.o(.data)
    OSTaskCtxSwCtr                           0x20000388   Data           4  os_var.o(.data)
    OSTaskDbgListPtr                         0x2000038c   Data           4  os_var.o(.data)
    OSTaskQty                                0x20000390   Data           2  os_var.o(.data)
    OSTaskRegNextAvailID                     0x20000392   Data           1  os_var.o(.data)
    OSTickCtr                                0x20000394   Data           4  os_var.o(.data)
    OSTickTaskTimeMax                        0x20000398   Data           4  os_var.o(.data)
    OSTmrDbgListPtr                          0x2000039c   Data           4  os_var.o(.data)
    OSTmrQty                                 0x200003a0   Data           2  os_var.o(.data)
    OSTmrTaskTimeMax                         0x200003a4   Data           4  os_var.o(.data)
    OSTmrTickCtr                             0x200003a8   Data           4  os_var.o(.data)
    OSTmrUpdateCnt                           0x200003ac   Data           4  os_var.o(.data)
    OSTmrUpdateCtr                           0x200003b0   Data           4  os_var.o(.data)
    OSTCBCurPtr                              0x200003b4   Data           4  os_var.o(.data)
    OSTCBHighRdyPtr                          0x200003b8   Data           4  os_var.o(.data)
    OS_CPU_ExceptStkBase                     0x200003bc   Data           4  os_cpu_c.o(.data)
    file                                     0x200003c0   Data           4  exfuns.o(.data)
    ftemp                                    0x200003c4   Data           4  exfuns.o(.data)
    fatbuf                                   0x200003c8   Data           4  exfuns.o(.data)
    fatbuff_temp                             0x200003cc   Data           4  exfuns.o(.data)
    fs                                       0x200003d0   Data           8  exfuns.o(.data)
    FILE_TYPE_TBL                            0x200003d8   Data         312  exfuns.o(.data)
    br                                       0x20000510   Data           4  exfuns.o(.data)
    bw                                       0x20000514   Data           4  exfuns.o(.data)
    CatalogLen                               0x20000518   Data           1  fattester.o(.data)
    Start_Up_Flag                            0x20000519   Data           1  fattester.o(.data)
    value                                    0x2000051c   Data           4  fattester.o(.data)
    FLASH_SECTOR_COUNT                       0x20000520   Data           2  diskio.o(.data)
    pxMBFrameCBByteReceived                  0x20000570   Data           4  mb.o(.data)
    pxMBFrameCBTransmitterEmpty              0x20000574   Data           4  mb.o(.data)
    pxMBPortCBTimerExpired                   0x20000578   Data           4  mb.o(.data)
    __stdout                                 0x20000600   Data           4  stdout.o(.data)
    OSUart4Used_Mutex                        0x20000608   Data          44  main.o(.bss)
    OSI2C1Used_Mutex                         0x20000634   Data          44  main.o(.bss)
    StartTaskTCB                             0x20000660   Data         196  main.o(.bss)
    START_TASK_STK                           0x20000724   Data         512  main.o(.bss)
    Main_TaskTCB                             0x20000924   Data         196  main.o(.bss)
    MAIN_TASK_STK                            0x200009e8   Data        1024  main.o(.bss)
    Keyprocess_TaskTCB                       0x20000de8   Data         196  main.o(.bss)
    KEYPROCESS_TASK_STK                      0x20000eac   Data        1024  main.o(.bss)
    COMMUNICATION_TaskTCB                    0x200012ac   Data         196  main.o(.bss)
    COMMUNICATION_TASK_STK                   0x20001370   Data        2048  main.o(.bss)
    CALIBRATION_TaskTCB                      0x20001b70   Data         196  main.o(.bss)
    CALIBRATION_TASK_STK                     0x20001c34   Data        1024  main.o(.bss)
    WarnSet_TaskTCB                          0x20002034   Data         196  main.o(.bss)
    WarnSet_TASK_STK                         0x200020f8   Data        1024  main.o(.bss)
    RecordData_TaskTCB                       0x200024f8   Data         196  main.o(.bss)
    RecordData_TASK_STK                      0x200025bc   Data        1024  main.o(.bss)
    KEY_Msg                                  0x200029bc   Data          48  main.o(.bss)
    DATA_Msg                                 0x200029ec   Data          48  main.o(.bss)
    tmr1                                     0x20002a1c   Data          52  main.o(.bss)
    calendar                                 0x20002a50   Data          42  rtc.o(.bss)
    SPI_InitStructure                        0x20002a7a   Data          18  spi.o(.bss)
    USARTStructure3                          0x20002a8c   Data         131  usart3.o(.bss)
    SPI_FLASH_BUF                            0x20002b0f   Data        4096  flash.o(.bss)
    Input                                    0x20003b0f   Data          82  communication.o(.bss)
    cmd_buffer                               0x20003b61   Data          64  communication.o(.bss)
    USARTStructure4                          0x20003ba1   Data         131  modbus_host.o(.bss)
    elmResultBuf                             0x20003c24   Data        3232  processing.o(.bss)
    PMTDriveVal_RX_BUF                       0x200048c4   Data          64  processing.o(.bss)
    TotalPara_RX_BUF                         0x20004904   Data          64  processing.o(.bss)
    SO2CONCERNRATIONCAL                      0x20004944   Data          68  processing.o(.bss)
    readwarmingINF                           0x20004988   Data          11  processing.o(.bss)
    READSCRREN                               0x20004993   Data          22  processing.o(.bss)
    AVG                                      0x200049ac   Data          32  processing.o(.bss)
    Multi_points                             0x20004bd0   Data          24  calibration.o(.bss)
    AMulti                                   0x20004be8   Data         240  calibration.o(.bss)
    Var                                      0x20004cd8   Data          14  experiment.o(.bss)
    USARTStructure1                          0x20004ce6   Data          67  usart.o(.bss)
    membase                                  0x20004d2c   Data       35840  malloc.o(.bss)
    memmapbase                               0x2000d92c   Data        2240  malloc.o(.bss)
    CPU_Name                                 0x2000e1ec   Data          16  cpu_core.o(.bss)
    Mem_PoolHeap                             0x2000e1fc   Data          72  lib_mem.o(.bss)
    Mem_Heap                                 0x2000e244   Data        1024  lib_mem.o(.bss)
    OSCfg_IdleTaskStk                        0x2000e644   Data         512  os_cfg_app.o(.bss)
    OSCfg_IntQ                               0x2000e844   Data         320  os_cfg_app.o(.bss)
    OSCfg_IntQTaskStk                        0x2000e984   Data         512  os_cfg_app.o(.bss)
    OSCfg_ISRStk                             0x2000eb84   Data         512  os_cfg_app.o(.bss)
    OSCfg_MsgPool                            0x2000ed84   Data        1600  os_cfg_app.o(.bss)
    OSCfg_StatTaskStk                        0x2000f3c4   Data         512  os_cfg_app.o(.bss)
    OSCfg_TickTaskStk                        0x2000f5c4   Data         512  os_cfg_app.o(.bss)
    OSCfg_TickWheel                          0x2000f7c4   Data         136  os_cfg_app.o(.bss)
    OSCfg_TmrTaskStk                         0x2000f84c   Data         512  os_cfg_app.o(.bss)
    OSCfg_TmrWheel                           0x2000fa4c   Data         136  os_cfg_app.o(.bss)
    OSIdleTaskTCB                            0x2000fad4   Data         196  os_var.o(.bss)
    OSIntQTaskTCB                            0x2000fb98   Data         196  os_var.o(.bss)
    OSMsgPool                                0x2000fc5c   Data          12  os_var.o(.bss)
    OSRdyList                                0x2000fc68   Data         768  os_var.o(.bss)
    OSStatTaskTCB                            0x2000ff68   Data         196  os_var.o(.bss)
    OSTickTaskTCB                            0x2001002c   Data         196  os_var.o(.bss)
    OSTmrTaskTCB                             0x200100f0   Data         196  os_var.o(.bss)
    fileinfo                                 0x200101b4   Data          32  exfuns.o(.bss)
    dir                                      0x200101d4   Data          36  exfuns.o(.bss)
    FN_SaveCatalog                           0x200101f8   Data        1440  fattester.o(.bss)
    ucRTUBuf                                 0x20010798   Data         256  mbrtu.o(.bss)
    __initial_sp                             0x20010cb8   Data           0  startup_stm32f10x_xl.o(STACK)



==============================================================================

Memory Map of the image

  Image Entry point : 0x08000131

  Load Region LR_IROM1 (Base: 0x08000000, Size: 0x00042fbc, Max: 0x000c0000, ABSOLUTE, COMPRESSED[0x00042ac0])

    Execution Region ER_IROM1 (Base: 0x08000000, Size: 0x000429b4, Max: 0x000c0000, ABSOLUTE)

    Base Addr    Size         Type   Attr      Idx    E Section Name        Object

    0x08000000   0x00000130   Data   RO          793    RESET               startup_stm32f10x_xl.o
    0x08000130   0x00000000   Code   RO         1795  * .ARM.Collect$$$$00000000  mc_w.l(entry.o)
    0x08000130   0x00000004   Code   RO         2170    .ARM.Collect$$$$00000001  mc_w.l(entry2.o)
    0x08000134   0x00000004   Code   RO         2173    .ARM.Collect$$$$00000004  mc_w.l(entry5.o)
    0x08000138   0x00000000   Code   RO         2175    .ARM.Collect$$$$00000008  mc_w.l(entry7b.o)
    0x08000138   0x00000000   Code   RO         2177    .ARM.Collect$$$$0000000A  mc_w.l(entry8b.o)
    0x08000138   0x00000008   Code   RO         2178    .ARM.Collect$$$$0000000B  mc_w.l(entry9a.o)
    0x08000140   0x00000000   Code   RO         2180    .ARM.Collect$$$$0000000D  mc_w.l(entry10a.o)
    0x08000140   0x00000000   Code   RO         2182    .ARM.Collect$$$$0000000F  mc_w.l(entry11a.o)
    0x08000140   0x00000004   Code   RO         2171    .ARM.Collect$$$$00002712  mc_w.l(entry2.o)
    0x08000144   0x00000894   Code   RO            1    .text               main.o
    0x080009d8   0x0000000e   Code   RO          256    .text               stm32f10x_it.o
    0x080009e6   0x00000002   PAD
    0x080009e8   0x00000158   Code   RO          288    .text               system_stm32f10x.o
    0x08000b40   0x00000134   Code   RO          306    .text               kalmanoperation.o
    0x08000c74   0x00000038   Code   RO          325    .text               led.o
    0x08000cac   0x00000100   Code   RO          337    .text               key.o
    0x08000dac   0x00000038   Code   RO          350    .text               beep.o
    0x08000de4   0x00000358   Code   RO          362    .text               rtc.o
    0x0800113c   0x00000400   Code   RO          391    .text               command.o
    0x0800153c   0x000004a4   Code   RO          407    .text               mmc_sd.o
    0x080019e0   0x000000fc   Code   RO          429    .text               spi.o
    0x08001adc   0x00000158   Code   RO          444    .text               usart3.o
    0x08001c34   0x00000328   Code   RO          465    .text               flash.o
    0x08001f5c   0x00001a10   Code   RO          485    .text               communication.o
    0x0800396c   0x00000274   Code   RO          523    .text               modbus_host.o
    0x08003be0   0x00002ff0   Code   RO          544    .text               processing.o
    0x08006bd0   0x000003f4   Code   RO          590    .text               iiceeprom.o
    0x08006fc4   0x000001cc   Code   RO          603    .text               variance.o
    0x08007190   0x00000abc   Code   RO          618    .text               datawr.o
    0x08007c4c   0x000001d4   Code   RO          654    .text               output.o
    0x08007e20   0x000000ac   Code   RO          674    .text               cmd_queue.o
    0x08007ecc   0x00000e9c   Code   RO          689    .text               calibration.o
    0x08008d68   0x000001e0   Code   RO          711    .text               experiment.o
    0x08008f48   0x00000118   Code   RO          730    .text               delay.o
    0x08009060   0x000001f8   Code   RO          762    .text               usart.o
    0x08009258   0x00000024   Code   RO          794    .text               startup_stm32f10x_xl.o
    0x0800927c   0x000000b0   Code   RO          798    .text               misc.o
    0x0800932c   0x00000264   Code   RO          810    .text               stm32f10x_gpio.o
    0x08009590   0x00000328   Code   RO          822    .text               stm32f10x_usart.o
    0x080098b8   0x000002b8   Code   RO          834    .text               stm32f10x_rcc.o
    0x08009b70   0x00000110   Code   RO          848    .text               stm32f10x_rtc.o
    0x08009c80   0x000000ac   Code   RO          861    .text               stm32f10x_pwr.o
    0x08009d2c   0x00000098   Code   RO          873    .text               stm32f10x_bkp.o
    0x08009dc4   0x00000af0   Code   RO          885    .text               stm32f10x_tim.o
    0x0800a8b4   0x00000274   Code   RO          910    .text               stm32f10x_spi.o
    0x0800ab28   0x00000150   Code   RO          922    .text               malloc.o
    0x0800ac78   0x00000068   Code   RO          946    .text               bsp.o
    0x0800ace0   0x000001bc   Code   RO          962    .text               cpu_core.o
    0x0800ae9c   0x00000034   Code   RO         1002    .text               cpu_a.o
    0x0800aed0   0x0000015a   Code   RO         1005    .text               lib_ascii.o
    0x0800b02a   0x00000002   PAD
    0x0800b02c   0x00000668   Code   RO         1040    .text               lib_mem.o
    0x0800b694   0x000005a8   Code   RO         1059    .text               lib_str.o
    0x0800bc3c   0x00000220   Code   RO         1077    .text               lib_mem_a.o
    0x0800be5c   0x00000002   Code   RO         1080    .text               os_cfg_app.o
    0x0800be5e   0x00000002   PAD
    0x0800be60   0x00000adc   Code   RO         1112    .text               os_core.o
    0x0800c93c   0x00000002   Code   RO         1125    .text               os_dbg.o
    0x0800c93e   0x00000002   PAD
    0x0800c940   0x00000768   Code   RO         1141    .text               os_flag.o
    0x0800d0a8   0x00000328   Code   RO         1154    .text               os_int.o
    0x0800d3d0   0x00000174   Code   RO         1166    .text               os_mem.o
    0x0800d544   0x00000188   Code   RO         1178    .text               os_msg.o
    0x0800d6cc   0x000006e4   Code   RO         1190    .text               os_mutex.o
    0x0800ddb0   0x00000070   Code   RO         1209    .text               os_prio.o
    0x0800de20   0x00000610   Code   RO         1228    .text               os_q.o
    0x0800e430   0x00000554   Code   RO         1241    .text               os_sem.o
    0x0800e984   0x00000400   Code   RO         1254    .text               os_stat.o
    0x0800ed84   0x00000f2c   Code   RO         1266    .text               os_task.o
    0x0800fcb0   0x00000350   Code   RO         1278    .text               os_tick.o
    0x08010000   0x00000310   Code   RO         1291    .text               os_time.o
    0x08010310   0x0000065c   Code   RO         1303    .text               os_tmr.o
    0x0801096c   0x00000188   Code   RO         1394    .text               os_cpu_c.o
    0x08010af4   0x00000160   Code   RO         1427    .text               exfuns.o
    0x08010c54   0x00000934   Code   RO         1461    .text               fattester.o
    0x08011588   0x0000015c   Code   RO         1486    .text               diskio.o
    0x080116e4   0x000028e4   Code   RO         1508    .text               ff.o
    0x08013fc8   0x00000070   Code   RO         1527    .text               cc936.o
    0x08014038   0x0000002c   Code   RO         1550    .text               mbcrc.o
    0x08014064   0x000002c8   Code   RO         1570    .text               mbascii.o
    0x0801432c   0x00000208   Code   RO         1604    .text               mbrtu.o
    0x08014534   0x00000120   Code   RO         1632    .text               mbfunccoils.o
    0x08014654   0x0000006e   Code   RO         1647    .text               mbfuncdisc.o
    0x080146c2   0x0000016e   Code   RO         1659    .text               mbfuncholding.o
    0x08014830   0x0000005e   Code   RO         1671    .text               mbfuncinput.o
    0x0801488e   0x00000002   PAD
    0x08014890   0x00000064   Code   RO         1683    .text               mbfuncother.o
    0x080148f4   0x0000006c   Code   RO         1698    .text               mbutils.o
    0x08014960   0x00000224   Code   RO         1710    .text               mb.o
    0x08014b84   0x00000034   Code   RO         1733    .text               portevent.o
    0x08014bb8   0x00000188   Code   RO         1747    .text               portserial.o
    0x08014d40   0x00000100   Code   RO         1765    .text               porttimer.o
    0x08014e40   0x00000062   Code   RO         1798    .text               mc_w.l(uldiv.o)
    0x08014ea2   0x00000002   PAD
    0x08014ea4   0x00000008   Code   RO         1800    .text               mc_w.l(ctype_o.o)
    0x08014eac   0x00000012   Code   RO         1822    .text               mc_w.l(isspace_o.o)
    0x08014ebe   0x0000000c   Code   RO         1828    .text               mc_w.l(toupper.o)
    0x08014eca   0x00000024   Code   RO         1832    .text               mc_w.l(memcpya.o)
    0x08014eee   0x00000024   Code   RO         1834    .text               mc_w.l(memseta.o)
    0x08014f12   0x00000018   Code   RO         1836    .text               mc_w.l(strcat.o)
    0x08014f2a   0x0000000e   Code   RO         1838    .text               mc_w.l(strlen.o)
    0x08014f38   0x0000001c   Code   RO         1840    .text               mc_w.l(strcmp.o)
    0x08014f54   0x00000012   Code   RO         1842    .text               mc_w.l(strcpy.o)
    0x08014f66   0x00000002   PAD
    0x08014f68   0x00000038   Code   RO         2107    .text               mc_w.l(__0sscanf.o)
    0x08014fa0   0x0000014c   Code   RO         2109    .text               mc_w.l(_scanf_int.o)
    0x080150ec   0x00000338   Code   RO         2111    .text               mc_w.l(scanf_fp.o)
    0x08015424   0x000000b0   Code   RO         2115    .text               mf_w.l(fadd.o)
    0x080154d4   0x00000064   Code   RO         2117    .text               mf_w.l(fmul.o)
    0x08015538   0x0000007c   Code   RO         2119    .text               mf_w.l(fdiv.o)
    0x080155b4   0x00000018   Code   RO         2121    .text               mf_w.l(fscalb.o)
    0x080155cc   0x0000014e   Code   RO         2123    .text               mf_w.l(dadd.o)
    0x0801571a   0x000000e4   Code   RO         2125    .text               mf_w.l(dmul.o)
    0x080157fe   0x000000de   Code   RO         2127    .text               mf_w.l(ddiv.o)
    0x080158dc   0x00000012   Code   RO         2129    .text               mf_w.l(fflti.o)
    0x080158ee   0x0000000a   Code   RO         2131    .text               mf_w.l(ffltui.o)
    0x080158f8   0x00000022   Code   RO         2133    .text               mf_w.l(dflti.o)
    0x0801591a   0x0000001a   Code   RO         2135    .text               mf_w.l(dfltui.o)
    0x08015934   0x00000032   Code   RO         2137    .text               mf_w.l(ffixi.o)
    0x08015966   0x00000028   Code   RO         2139    .text               mf_w.l(ffixui.o)
    0x0801598e   0x00000032   Code   RO         2141    .text               mf_w.l(dfixui.o)
    0x080159c0   0x00000026   Code   RO         2143    .text               mf_w.l(f2d.o)
    0x080159e6   0x00000038   Code   RO         2145    .text               mf_w.l(d2f.o)
    0x08015a1e   0x00000002   PAD
    0x08015a20   0x00000014   Code   RO         2147    .text               mf_w.l(cfcmple.o)
    0x08015a34   0x00000014   Code   RO         2149    .text               mf_w.l(cfrcmple.o)
    0x08015a48   0x0000002c   Code   RO         2185    .text               mc_w.l(uidiv.o)
    0x08015a74   0x0000001e   Code   RO         2187    .text               mc_w.l(llshl.o)
    0x08015a92   0x00000020   Code   RO         2189    .text               mc_w.l(llushr.o)
    0x08015ab2   0x00000024   Code   RO         2191    .text               mc_w.l(llsshr.o)
    0x08015ad6   0x0000001c   Code   RO         2200    .text               mc_w.l(_chval.o)
    0x08015af2   0x00000002   PAD
    0x08015af4   0x00000028   Code   RO         2202    .text               mc_w.l(scanf_char.o)
    0x08015b1c   0x00000040   Code   RO         2204    .text               mc_w.l(_sgetc.o)
    0x08015b5c   0x00000000   Code   RO         2206    .text               mc_w.l(iusefp.o)
    0x08015b5c   0x0000006e   Code   RO         2207    .text               mf_w.l(fepilogue.o)
    0x08015bca   0x000000ba   Code   RO         2209    .text               mf_w.l(depilogue.o)
    0x08015c84   0x0000002e   Code   RO         2211    .text               mf_w.l(dscalb.o)
    0x08015cb2   0x000000a2   Code   RO         2213    .text               mf_w.l(dsqrt.o)
    0x08015d54   0x00000018   Code   RO         2215    .text               mf_w.l(dfltul.o)
    0x08015d6c   0x00000030   Code   RO         2217    .text               mf_w.l(dfixul.o)
    0x08015d9c   0x00000030   Code   RO         2221    .text               mf_w.l(cdrcmple.o)
    0x08015dcc   0x00000024   Code   RO         2223    .text               mc_w.l(init.o)
    0x08015df0   0x0000032c   Code   RO         2227    .text               mc_w.l(_scanf.o)
    0x0801611c   0x00000056   Code   RO         2240    .text               mc_w.l(__dczerorl2.o)
    0x08016172   0x00000002   PAD
    0x08016174   0x00000098   Code   RO         1391    CODE                os_cpu_a.o
    0x0801620c   0x00000020   Code   RO         2079    i.__0printf         mc_w.l(printfa.o)
    0x0801622c   0x00000028   Code   RO         2081    i.__0sprintf        mc_w.l(printfa.o)
    0x08016254   0x00000028   Code   RO         2165    i.__ARM_fpclassify  m_ws.l(fpclassify.o)
    0x0801627c   0x000000aa   Code   RO         2167    i.__kernel_poly     m_ws.l(poly.o)
    0x08016326   0x00000002   PAD
    0x08016328   0x00000010   Code   RO         2151    i.__mathlib_dbl_divzero  m_ws.l(dunder.o)
    0x08016338   0x00000004   Code   RO         2153    i.__mathlib_dbl_infnan2  m_ws.l(dunder.o)
    0x0801633c   0x0000000c   Code   RO         2154    i.__mathlib_dbl_invalid  m_ws.l(dunder.o)
    0x08016348   0x0000000e   Code   RO         2155    i.__mathlib_dbl_overflow  m_ws.l(dunder.o)
    0x08016356   0x00000002   PAD
    0x08016358   0x00000010   Code   RO         2157    i.__mathlib_dbl_underflow  m_ws.l(dunder.o)
    0x08016368   0x0000000e   Code   RO         2234    i.__scatterload_copy  mc_w.l(handlers.o)
    0x08016376   0x00000002   Code   RO         2235    i.__scatterload_null  mc_w.l(handlers.o)
    0x08016378   0x0000000e   Code   RO         2236    i.__scatterload_zeroinit  mc_w.l(handlers.o)
    0x08016386   0x00000002   PAD
    0x08016388   0x0000000c   Code   RO         2195    i.__set_errno       mc_w.l(errno.o)
    0x08016394   0x00000164   Code   RO         2086    i._fp_digits        mc_w.l(printfa.o)
    0x080164f8   0x0000000e   Code   RO         2113    i._is_digit         mc_w.l(scanf_fp.o)
    0x08016506   0x00000002   PAD
    0x08016508   0x000006dc   Code   RO         2087    i._printf_core      mc_w.l(printfa.o)
    0x08016be4   0x00000024   Code   RO         2088    i._printf_post_padding  mc_w.l(printfa.o)
    0x08016c08   0x0000002e   Code   RO         2089    i._printf_pre_padding  mc_w.l(printfa.o)
    0x08016c36   0x0000000a   Code   RO         2091    i._sputc            mc_w.l(printfa.o)
    0x08016c40   0x000009d8   Code   RO         1778    i.pow               m_ws.l(pow.o)
    0x08017618   0x0000004c   Code   RO         1788    i.sqrt              m_ws.l(sqrt.o)
    0x08017664   0x00000018   Data   RO          364    .constdata          rtc.o
    0x0801767c   0x00000004   Data   RO          488    .constdata          communication.o
    0x08017680   0x0000000c   Data   RO          546    .constdata          processing.o
    0x0801768c   0x00000010   Data   RO          557    .constdata          processing.o
    0x0801769c   0x00000100   Data   RO          964    .constdata          cpu_core.o
    0x0801779c   0x00000094   Data   RO         1060    .constdata          lib_str.o
    0x08017830   0x00000094   Data   RO         1091    .constdata          os_cfg_app.o
    0x080178c4   0x0000003a   Data   RO         1509    .constdata          ff.o
    0x080178fe   0x0002acc8   Data   RO         1528    .constdata          cc936.o
    0x080425c6   0x00000200   Data   RO         1551    .constdata          mbcrc.o
    0x080427c6   0x00000002   PAD
    0x080427c8   0x00000088   Data   RO         1779    .constdata          m_ws.l(pow.o)
    0x08042850   0x00000081   Data   RO         1801    .constdata          mc_w.l(ctype_o.o)
    0x080428d1   0x00000003   PAD
    0x080428d4   0x00000004   Data   RO         1802    .constdata          mc_w.l(ctype_o.o)
    0x080428d8   0x00000008   Data   RO         2169    .constdata          m_ws.l(qnan.o)
    0x080428e0   0x0000004f   Data   RO          619    .conststring        datawr.o
    0x0804292f   0x00000001   PAD
    0x08042930   0x00000064   Data   RO         1430    .conststring        exfuns.o
    0x08042994   0x00000020   Data   RO         2232    Region$$Table       anon$$obj.o


    Execution Region RW_IRAM1 (Base: 0x20000000, Size: 0x00010cb8, Max: 0x00018000, ABSOLUTE, COMPRESSED[0x0000010c])

    Base Addr    Size         Type   Attr      Idx    E Section Name        Object

    0x20000000   0x000001a8   Data   RW            5    .data               main.o
    0x200001a8   0x00000014   Data   RW          289    .data               system_stm32f10x.o
    0x200001bc   0x0000002c   Data   RW          307    .data               kalmanoperation.o
    0x200001e8   0x00000001   Data   RW          338    .data               key.o
    0x200001e9   0x00000003   PAD
    0x200001ec   0x00000010   Data   RW          365    .data               rtc.o
    0x200001fc   0x00000001   Data   RW          408    .data               mmc_sd.o
    0x200001fd   0x00000001   PAD
    0x200001fe   0x00000002   Data   RW          467    .data               flash.o
    0x20000200   0x00000028   Data   RW          489    .data               communication.o
    0x20000228   0x00000001   Data   RW          527    .data               modbus_host.o
    0x20000229   0x00000003   PAD
    0x2000022c   0x0000005c   Data   RW          564    .data               processing.o
    0x20000288   0x00000010   Data   RW          620    .data               datawr.o
    0x20000298   0x00000004   Data   RW          621    .data               datawr.o
    0x2000029c   0x00000004   Data   RW          622    .data               datawr.o
    0x200002a0   0x00000002   Data   RW          655    .data               output.o
    0x200002a2   0x00000002   PAD
    0x200002a4   0x00000008   Data   RW          676    .data               cmd_queue.o
    0x200002ac   0x00000008   Data   RW          692    .data               calibration.o
    0x200002b4   0x00000001   Data   RW          713    .data               experiment.o
    0x200002b5   0x00000001   PAD
    0x200002b6   0x00000004   Data   RW          731    .data               delay.o
    0x200002ba   0x00000014   Data   RW          835    .data               stm32f10x_rcc.o
    0x200002ce   0x00000002   PAD
    0x200002d0   0x00000014   Data   RW          928    .data               malloc.o
    0x200002e4   0x00000004   Data   RW          966    .data               cpu_core.o
    0x200002e8   0x00000004   Data   RW         1042    .data               lib_mem.o
    0x200002ec   0x00000008   Data   RW         1210    .data               os_prio.o
    0x200002f4   0x00000004   Data   RW         1322    .data               os_var.o
    0x200002f8   0x00000004   Data   RW         1323    .data               os_var.o
    0x200002fc   0x00000004   Data   RW         1324    .data               os_var.o
    0x20000300   0x00000004   Data   RW         1325    .data               os_var.o
    0x20000304   0x00000004   Data   RW         1326    .data               os_var.o
    0x20000308   0x00000004   Data   RW         1327    .data               os_var.o
    0x2000030c   0x00000004   Data   RW         1328    .data               os_var.o
    0x20000310   0x00000004   Data   RW         1329    .data               os_var.o
    0x20000314   0x00000001   Data   RW         1330    .data               os_var.o
    0x20000315   0x00000001   Data   RW         1331    .data               os_var.o
    0x20000316   0x00000002   PAD
    0x20000318   0x00000004   Data   RW         1332    .data               os_var.o
    0x2000031c   0x00000004   Data   RW         1333    .data               os_var.o
    0x20000320   0x00000002   Data   RW         1334    .data               os_var.o
    0x20000322   0x00000002   Data   RW         1335    .data               os_var.o
    0x20000324   0x00000002   Data   RW         1336    .data               os_var.o
    0x20000326   0x00000002   PAD
    0x20000328   0x00000004   Data   RW         1337    .data               os_var.o
    0x2000032c   0x00000004   Data   RW         1338    .data               os_var.o
    0x20000330   0x00000002   Data   RW         1339    .data               os_var.o
    0x20000332   0x00000002   PAD
    0x20000334   0x00000004   Data   RW         1340    .data               os_var.o
    0x20000338   0x00000002   Data   RW         1341    .data               os_var.o
    0x2000033a   0x00000002   PAD
    0x2000033c   0x00000004   Data   RW         1342    .data               os_var.o
    0x20000340   0x00000002   Data   RW         1343    .data               os_var.o
    0x20000342   0x00000001   Data   RW         1344    .data               os_var.o
    0x20000343   0x00000001   Data   RW         1345    .data               os_var.o
    0x20000344   0x00000001   Data   RW         1346    .data               os_var.o
    0x20000345   0x00000003   PAD
    0x20000348   0x00000004   Data   RW         1347    .data               os_var.o
    0x2000034c   0x00000002   Data   RW         1348    .data               os_var.o
    0x2000034e   0x00000002   PAD
    0x20000350   0x00000004   Data   RW         1349    .data               os_var.o
    0x20000354   0x00000004   Data   RW         1350    .data               os_var.o
    0x20000358   0x00000004   Data   RW         1351    .data               os_var.o
    0x2000035c   0x00000001   Data   RW         1352    .data               os_var.o
    0x2000035d   0x00000003   PAD
    0x20000360   0x00000004   Data   RW         1353    .data               os_var.o
    0x20000364   0x00000001   Data   RW         1354    .data               os_var.o
    0x20000365   0x00000003   PAD
    0x20000368   0x00000004   Data   RW         1355    .data               os_var.o
    0x2000036c   0x00000002   Data   RW         1356    .data               os_var.o
    0x2000036e   0x00000001   Data   RW         1357    .data               os_var.o
    0x2000036f   0x00000001   PAD
    0x20000370   0x00000002   Data   RW         1358    .data               os_var.o
    0x20000372   0x00000002   Data   RW         1359    .data               os_var.o
    0x20000374   0x00000004   Data   RW         1360    .data               os_var.o
    0x20000378   0x00000004   Data   RW         1361    .data               os_var.o
    0x2000037c   0x00000004   Data   RW         1362    .data               os_var.o
    0x20000380   0x00000001   Data   RW         1363    .data               os_var.o
    0x20000381   0x00000003   PAD
    0x20000384   0x00000004   Data   RW         1364    .data               os_var.o
    0x20000388   0x00000004   Data   RW         1365    .data               os_var.o
    0x2000038c   0x00000004   Data   RW         1366    .data               os_var.o
    0x20000390   0x00000002   Data   RW         1367    .data               os_var.o
    0x20000392   0x00000001   Data   RW         1368    .data               os_var.o
    0x20000393   0x00000001   PAD
    0x20000394   0x00000004   Data   RW         1369    .data               os_var.o
    0x20000398   0x00000004   Data   RW         1370    .data               os_var.o
    0x2000039c   0x00000004   Data   RW         1371    .data               os_var.o
    0x200003a0   0x00000002   Data   RW         1372    .data               os_var.o
    0x200003a2   0x00000002   PAD
    0x200003a4   0x00000004   Data   RW         1373    .data               os_var.o
    0x200003a8   0x00000004   Data   RW         1374    .data               os_var.o
    0x200003ac   0x00000004   Data   RW         1375    .data               os_var.o
    0x200003b0   0x00000004   Data   RW         1376    .data               os_var.o
    0x200003b4   0x00000004   Data   RW         1377    .data               os_var.o
    0x200003b8   0x00000004   Data   RW         1378    .data               os_var.o
    0x200003bc   0x00000004   Data   RW         1395    .data               os_cpu_c.o
    0x200003c0   0x00000150   Data   RW         1431    .data               exfuns.o
    0x20000510   0x00000004   Data   RW         1432    .data               exfuns.o
    0x20000514   0x00000004   Data   RW         1433    .data               exfuns.o
    0x20000518   0x00000008   Data   RW         1463    .data               fattester.o
    0x20000520   0x00000002   Data   RW         1487    .data               diskio.o
    0x20000522   0x00000002   PAD
    0x20000524   0x0000000c   Data   RW         1510    .data               ff.o
    0x20000530   0x00000010   Data   RW         1571    .data               mbascii.o
    0x20000540   0x0000000c   Data   RW         1606    .data               mbrtu.o
    0x2000054c   0x00000002   Data   RW         1685    .data               mbfuncother.o
    0x2000054e   0x00000002   PAD
    0x20000550   0x000000ac   Data   RW         1711    .data               mb.o
    0x200005fc   0x00000002   Data   RW         1734    .data               portevent.o
    0x200005fe   0x00000002   PAD
    0x20000600   0x00000004   Data   RW         2184    .data               mc_w.l(stdout.o)
    0x20000604   0x00000004   Data   RW         2196    .data               mc_w.l(errno.o)
    0x20000608   0x00002448   Zero   RW            2    .bss                main.o
    0x20002a50   0x0000002a   Zero   RW          363    .bss                rtc.o
    0x20002a7a   0x00000012   Zero   RW          430    .bss                spi.o
    0x20002a8c   0x00000083   Zero   RW          445    .bss                usart3.o
    0x20002b0f   0x00001000   Zero   RW          466    .bss                flash.o
    0x20003b0f   0x00000092   Zero   RW          487    .bss                communication.o
    0x20003ba1   0x00000083   Zero   RW          524    .bss                modbus_host.o
    0x20003c24   0x00000da8   Zero   RW          545    .bss                processing.o
    0x200049cc   0x00000204   Zero   RW          675    .bss                cmd_queue.o
    0x20004bd0   0x00000108   Zero   RW          690    .bss                calibration.o
    0x20004cd8   0x0000000e   Zero   RW          712    .bss                experiment.o
    0x20004ce6   0x00000043   Zero   RW          763    .bss                usart.o
    0x20004d29   0x00000003   PAD
    0x20004d2c   0x00008c00   Zero   RW          923    .bss                malloc.o
    0x2000d92c   0x000008c0   Zero   RW          924    .bss                malloc.o
    0x2000e1ec   0x00000010   Zero   RW          963    .bss                cpu_core.o
    0x2000e1fc   0x00000448   Zero   RW         1041    .bss                lib_mem.o
    0x2000e644   0x00000200   Zero   RW         1081    .bss                os_cfg_app.o
    0x2000e844   0x00000140   Zero   RW         1082    .bss                os_cfg_app.o
    0x2000e984   0x00000200   Zero   RW         1083    .bss                os_cfg_app.o
    0x2000eb84   0x00000200   Zero   RW         1084    .bss                os_cfg_app.o
    0x2000ed84   0x00000640   Zero   RW         1085    .bss                os_cfg_app.o
    0x2000f3c4   0x00000200   Zero   RW         1086    .bss                os_cfg_app.o
    0x2000f5c4   0x00000200   Zero   RW         1087    .bss                os_cfg_app.o
    0x2000f7c4   0x00000088   Zero   RW         1088    .bss                os_cfg_app.o
    0x2000f84c   0x00000200   Zero   RW         1089    .bss                os_cfg_app.o
    0x2000fa4c   0x00000088   Zero   RW         1090    .bss                os_cfg_app.o
    0x2000fad4   0x000000c4   Zero   RW         1315    .bss                os_var.o
    0x2000fb98   0x000000c4   Zero   RW         1316    .bss                os_var.o
    0x2000fc5c   0x0000000c   Zero   RW         1317    .bss                os_var.o
    0x2000fc68   0x00000300   Zero   RW         1318    .bss                os_var.o
    0x2000ff68   0x000000c4   Zero   RW         1319    .bss                os_var.o
    0x2001002c   0x000000c4   Zero   RW         1320    .bss                os_var.o
    0x200100f0   0x000000c4   Zero   RW         1321    .bss                os_var.o
    0x200101b4   0x00000020   Zero   RW         1428    .bss                exfuns.o
    0x200101d4   0x00000024   Zero   RW         1429    .bss                exfuns.o
    0x200101f8   0x000005a0   Zero   RW         1462    .bss                fattester.o
    0x20010798   0x00000100   Zero   RW         1605    .bss                mbrtu.o
    0x20010898   0x00000020   Zero   RW         1684    .bss                mbfuncother.o
    0x200108b8   0x00000400   Zero   RW          791    STACK               startup_stm32f10x_xl.o


==============================================================================

Image component sizes


      Code (inc. data)   RO Data    RW Data    ZI Data      Debug   Object Name

        56          6          0          0          0        564   beep.o
       104         12          0          0          0       1897   bsp.o
      3740        112          0          8        264       7773   calibration.o
       112         16     175304          0          0       2393   cc936.o
       172          8          0          8        516       2184   cmd_queue.o
      1024        180          0          0          0       1729   command.o
      6672        278          4         40        146      33227   communication.o
        52          0          0          0          0        396   cpu_a.o
       444         12        256          4         16      14477   cpu_core.o
      2748        480         79         24          0       7628   datawr.o
       280         28          0          4          0       2643   delay.o
       348         14          0          2          0       4274   diskio.o
       352         16        100        344         68       5650   exfuns.o
       480         30          0          1         14       2180   experiment.o
      2356        722          0          8       1440       8159   fattester.o
     10468        132         58         12          0      38920   ff.o
       808         16          0          2       4096       5019   flash.o
      1012          4          0          0          0       5778   iiceeprom.o
       308          8          0         44          0       1281   kalmanoperation.o
       256         14          0          1          0        976   key.o
        56          6          0          0          0        559   led.o
       346          0          0          0          0       4506   lib_ascii.o
      1640         26          0          4       1096      22600   lib_mem.o
       544          0          0          0          0        540   lib_mem_a.o
      1448          4        148          0          0      12724   lib_str.o
      2196        388          0        424       9288     313265   main.o
       336          4          0         20      38080       4447   malloc.o
       548         60          0        172          0       4778   mb.o
       712         10          0         16          0       7990   mbascii.o
        44          6        512          0          0       2092   mbcrc.o
       288          0          0          0          0       3358   mbfunccoils.o
       110          0          0          0          0       1804   mbfuncdisc.o
       366          0          0          0          0       4521   mbfuncholding.o
        94          0          0          0          0       1791   mbfuncinput.o
       100         10          0          2         32       2053   mbfuncother.o
       520         12          0         12        256       4121   mbrtu.o
       108          0          0          0          0       2114   mbutils.o
       176         14          0          0          0       2069   misc.o
      1188         16          0          1          0       6972   mmc_sd.o
       628         30          0          1        131       3993   modbus_host.o
         2          0        148          0       5264      21114   os_cfg_app.o
      2780        268          0          0          0      13479   os_core.o
       152         32          0          0          0        452   os_cpu_a.o
       392         64          0          4          0       3921   os_cpu_c.o
         2          0          0          0          0        530   os_dbg.o
      1896         80          0          0          0       8297   os_flag.o
       808        146          0          0          0       2764   os_int.o
       372         20          0          0          0       2744   os_mem.o
       392         14          0          0          0       3191   os_msg.o
      1764         92          0          0          0       6212   os_mutex.o
       112          6          0          8          0       2052   os_prio.o
      1552         66          0          0          0       6698   os_q.o
      1364         58          0          0          0       6678   os_sem.o
      1024        146          0          0          0       3137   os_stat.o
      3884        216          0          0          0      15590   os_task.o
       848         82          0          0          0       3819   os_tick.o
       784         42          0          0          0       3585   os_time.o
      1628        128          0          0          0       6894   os_tmr.o
         0          0          0        174       1760      19485   os_var.o
       468         74          0          2          0       3233   output.o
        52          6          0          2          0       1740   portevent.o
       392         18          0          0          0       2528   portserial.o
       256         14          0          0          0       1861   porttimer.o
     12272        296         28         92       3496      21141   processing.o
       856         36         24         16         42       5041   rtc.o
       252         20          0          0         18       1453   spi.o
        36          8        304          0       1024        844   startup_stm32f10x_xl.o
       152          8          0          0          0       3656   stm32f10x_bkp.o
       612         36          0          0          0       6193   stm32f10x_gpio.o
        14          0          0          0          0       1039   stm32f10x_it.o
       172         12          0          0          0       2059   stm32f10x_pwr.o
       696         32          0         20          0       9244   stm32f10x_rcc.o
       272          6          0          0          0       3396   stm32f10x_rtc.o
       628         14          0          0          0       7214   stm32f10x_spi.o
      2800         84          0          0          0      24134   stm32f10x_tim.o
       808         22          0          0          0       9056   stm32f10x_usart.o
         0          0          0          0          0         32   sys.o
       344         34          0         20          0       1983   system_stm32f10x.o
       504         14          0          0         67       3893   usart.o
       344         14          0          0        131       3512   usart3.o
       460          8          0          0          0       1992   variance.o

    ----------------------------------------------------------------------
     85396       4890     177000       1536      67248     799331   Object Totals
         0          0         32          0          0          0   (incl. Generated)
        10          0          3         44          3          0   (incl. Padding)

    ----------------------------------------------------------------------

      Code (inc. data)   RO Data    RW Data    ZI Data      Debug   Library Member Name

        62         10          0          0          0        340   dunder.o
        40          0          0          0          0         68   fpclassify.o
       170          0          0          0          0         96   poly.o
      2520        190        136          0          0        324   pow.o
         0          0          8          0          0          0   qnan.o
        76          0          0          0          0         84   sqrt.o
        56          8          0          0          0         84   __0sscanf.o
        86          0          0          0          0          0   __dczerorl2.o
        28          0          0          0          0         68   _chval.o
       812          4          0          0          0        112   _scanf.o
       332          0          0          0          0         96   _scanf_int.o
        64          0          0          0          0         84   _sgetc.o
         8          4        133          0          0         68   ctype_o.o
         0          0          0          0          0          0   entry.o
         0          0          0          0          0          0   entry10a.o
         0          0          0          0          0          0   entry11a.o
         8          4          0          0          0          0   entry2.o
         4          0          0          0          0          0   entry5.o
         0          0          0          0          0          0   entry7b.o
         0          0          0          0          0          0   entry8b.o
         8          4          0          0          0          0   entry9a.o
        12          6          0          4          0         68   errno.o
        30          0          0          0          0          0   handlers.o
        36          8          0          0          0         68   init.o
        18          0          0          0          0         76   isspace_o.o
         0          0          0          0          0          0   iusefp.o
        30          0          0          0          0         68   llshl.o
        36          0          0          0          0         68   llsshr.o
        32          0          0          0          0         68   llushr.o
        36          0          0          0          0         68   memcpya.o
        36          0          0          0          0        108   memseta.o
      2276         96          0          0          0        596   printfa.o
        40          8          0          0          0         84   scanf_char.o
       838         12          0          0          0        216   scanf_fp.o
         0          0          0          4          0          0   stdout.o
        24          0          0          0          0         68   strcat.o
        28          0          0          0          0         76   strcmp.o
        18          0          0          0          0         68   strcpy.o
        14          0          0          0          0         68   strlen.o
        12          0          0          0          0         68   toupper.o
        44          0          0          0          0         80   uidiv.o
        98          0          0          0          0         92   uldiv.o
        48          0          0          0          0         68   cdrcmple.o
        20          0          0          0          0         68   cfcmple.o
        20          0          0          0          0         68   cfrcmple.o
        56          0          0          0          0         88   d2f.o
       334          0          0          0          0        148   dadd.o
       222          0          0          0          0        100   ddiv.o
       186          0          0          0          0        176   depilogue.o
        50          0          0          0          0         76   dfixui.o
        48          0          0          0          0         68   dfixul.o
        34          0          0          0          0         76   dflti.o
        26          0          0          0          0         76   dfltui.o
        24          0          0          0          0         76   dfltul.o
       228          0          0          0          0         96   dmul.o
        46          0          0          0          0         80   dscalb.o
       162          0          0          0          0        100   dsqrt.o
        38          0          0          0          0         68   f2d.o
       176          0          0          0          0        140   fadd.o
       124          0          0          0          0         88   fdiv.o
       110          0          0          0          0        168   fepilogue.o
        50          0          0          0          0         68   ffixi.o
        40          0          0          0          0         68   ffixui.o
        18          0          0          0          0         68   fflti.o
        10          0          0          0          0         68   ffltui.o
       100          0          0          0          0         76   fmul.o
        24          0          0          0          0         68   fscalb.o

    ----------------------------------------------------------------------
     10144        354        280          8          0       5676   Library Totals
        18          0          3          0          0          0   (incl. Padding)

    ----------------------------------------------------------------------

      Code (inc. data)   RO Data    RW Data    ZI Data      Debug   Library Name

      2868        200        144          0          0        912   m_ws.l
      5064        154        133          8          0       2520   mc_w.l
      2194          0          0          0          0       2244   mf_w.l

    ----------------------------------------------------------------------
     10144        354        280          8          0       5676   Library Totals

    ----------------------------------------------------------------------

==============================================================================


      Code (inc. data)   RO Data    RW Data    ZI Data      Debug   

     95540       5244     177280       1544      67248     793383   Grand Totals
     95540       5244     177280        268      67248     793383   ELF Image Totals (compressed)
     95540       5244     177280        268          0          0   ROM Totals

==============================================================================

    Total RO  Size (Code + RO Data)               272820 ( 266.43kB)
    Total RW  Size (RW Data + ZI Data)             68792 (  67.18kB)
    Total ROM Size (Code + RO Data + RW Data)     273088 ( 266.69kB)

==============================================================================

